2025-04-21 23:50:58 [scrapy.utils.log] INFO: Scrapy 2.11.0 started (bot: scrapybot)
2025-04-21 23:50:58 [scrapy.utils.log] INFO: Versions: lxml 5.3.2.0, libxml2 2.11.9, cssselect 1.3.0, parsel 1.10.0, w3lib 2.3.1, Twisted 22.10.0, Python 3.12.0 (tags/v3.12.0:0fb18b0, Oct  2 2023, 13:03:39) [MSC v.1935 64 bit (AMD64)], pyOpenSSL 25.0.0 (OpenSSL 3.4.1 11 Feb 2025), cryptography 44.0.2, Platform Windows-10-10.0.19045-SP0
2025-04-21 23:50:58 [scrapy.addons] INFO: Enabled addons:
[]
2025-04-21 23:50:58 [py.warnings] WARNING: C:\Users\Satia\Desktop\mirza\venv\Lib\site-packages\scrapy\utils\request.py:254: ScrapyDeprecationWarning: '2.6' is a deprecated value for the 'REQUEST_FINGERPRINTER_IMPLEMENTATION' setting.

It is also the default value. In other words, it is normal to get this warning if you have not defined a value for the 'REQUEST_FINGERPRINTER_IMPLEMENTATION' setting. This is so for backward compatibility reasons, but it will change in a future version of Scrapy.

See the documentation of the 'REQUEST_FINGERPRINTER_IMPLEMENTATION' setting for information on how to handle this deprecation.
  return cls(crawler)

2025-04-21 23:50:58 [scrapy.extensions.telnet] INFO: Telnet Password: b66ce9551ee67da7
2025-04-21 23:50:58 [scrapy.middleware] INFO: Enabled extensions:
['scrapy.extensions.corestats.CoreStats',
 'scrapy.extensions.telnet.TelnetConsole',
 'scrapy.extensions.logstats.LogStats']
2025-04-21 23:50:58 [scrapy.crawler] INFO: Overridden settings:
{'CONCURRENT_REQUESTS': 5,
 'COOKIES_ENABLED': False,
 'DOWNLOADER_CLIENT_TLS_METHOD': 'TLSv1.2',
 'DOWNLOAD_DELAY': 2,
 'LOG_FILE': 'scrapy_output.log',
 'LOG_LEVEL': 'INFO',
 'USER_AGENT': 'Mozilla/5.0 (Windows NT 10.0; Win64; x64) AppleWebKit/537.36 '
               '(KHTML, like Gecko) Chrome/91.0.4472.124 Safari/537.36'}
2025-04-21 23:50:58 [scrapy.middleware] INFO: Enabled downloader middlewares:
['scrapy.downloadermiddlewares.httpauth.HttpAuthMiddleware',
 'scrapy.downloadermiddlewares.downloadtimeout.DownloadTimeoutMiddleware',
 'scrapy.downloadermiddlewares.defaultheaders.DefaultHeadersMiddleware',
 'scrapy.downloadermiddlewares.useragent.UserAgentMiddleware',
 'scrapy.downloadermiddlewares.retry.RetryMiddleware',
 'scrapy.downloadermiddlewares.redirect.MetaRefreshMiddleware',
 'scrapy.downloadermiddlewares.httpcompression.HttpCompressionMiddleware',
 'scrapy.downloadermiddlewares.redirect.RedirectMiddleware',
 'scrapy.downloadermiddlewares.httpproxy.HttpProxyMiddleware',
 'scrapy.downloadermiddlewares.stats.DownloaderStats']
2025-04-21 23:50:58 [scrapy.middleware] INFO: Enabled spider middlewares:
['scrapy.spidermiddlewares.httperror.HttpErrorMiddleware',
 'scrapy.spidermiddlewares.offsite.OffsiteMiddleware',
 'scrapy.spidermiddlewares.referer.RefererMiddleware',
 'scrapy.spidermiddlewares.urllength.UrlLengthMiddleware',
 'scrapy.spidermiddlewares.depth.DepthMiddleware']
2025-04-21 23:50:58 [scrapy.middleware] INFO: Enabled item pipelines:
[]
2025-04-21 23:50:58 [scrapy.core.engine] INFO: Spider opened
2025-04-21 23:50:58 [scrapy.extensions.logstats] INFO: Crawled 0 pages (at 0 pages/min), scraped 0 items (at 0 items/min)
2025-04-21 23:50:58 [scrapy.extensions.telnet] INFO: Telnet console listening on 127.0.0.1:6023
2025-04-21 23:51:17 [scrapy.core.engine] INFO: Closing spider (finished)
2025-04-21 23:51:17 [scrapy.statscollectors] INFO: Dumping Scrapy stats:
{'downloader/request_bytes': 2374,
 'downloader/request_count': 8,
 'downloader/request_method_count/GET': 8,
 'downloader/response_bytes': 38744,
 'downloader/response_count': 8,
 'downloader/response_status_count/200': 3,
 'downloader/response_status_count/301': 3,
 'downloader/response_status_count/302': 2,
 'elapsed_time_seconds': 18.700868,
 'finish_reason': 'finished',
 'finish_time': datetime.datetime(2025, 4, 22, 6, 51, 17, 380338, tzinfo=datetime.timezone.utc),
 'httpcompression/response_bytes': 241114,
 'httpcompression/response_count': 3,
 'log_count/INFO': 10,
 'log_count/WARNING': 1,
 'request_depth_max': 1,
 'response_received_count': 3,
 'scheduler/dequeued': 8,
 'scheduler/dequeued/memory': 8,
 'scheduler/enqueued': 8,
 'scheduler/enqueued/memory': 8,
 'start_time': datetime.datetime(2025, 4, 22, 6, 50, 58, 679470, tzinfo=datetime.timezone.utc)}
2025-04-21 23:51:17 [scrapy.core.engine] INFO: Spider closed (finished)
2025-04-21 23:59:27 [scrapy.utils.log] INFO: Scrapy 2.11.0 started (bot: scrapybot)
2025-04-21 23:59:27 [scrapy.utils.log] INFO: Versions: lxml 5.3.2.0, libxml2 2.11.9, cssselect 1.3.0, parsel 1.10.0, w3lib 2.3.1, Twisted 22.10.0, Python 3.12.0 (tags/v3.12.0:0fb18b0, Oct  2 2023, 13:03:39) [MSC v.1935 64 bit (AMD64)], pyOpenSSL 25.0.0 (OpenSSL 3.4.1 11 Feb 2025), cryptography 44.0.2, Platform Windows-10-10.0.19045-SP0
2025-04-21 23:59:27 [scrapy.addons] INFO: Enabled addons:
[]
2025-04-21 23:59:27 [py.warnings] WARNING: C:\Users\Satia\Desktop\mirza\venv\Lib\site-packages\scrapy\utils\request.py:254: ScrapyDeprecationWarning: '2.6' is a deprecated value for the 'REQUEST_FINGERPRINTER_IMPLEMENTATION' setting.

It is also the default value. In other words, it is normal to get this warning if you have not defined a value for the 'REQUEST_FINGERPRINTER_IMPLEMENTATION' setting. This is so for backward compatibility reasons, but it will change in a future version of Scrapy.

See the documentation of the 'REQUEST_FINGERPRINTER_IMPLEMENTATION' setting for information on how to handle this deprecation.
  return cls(crawler)

2025-04-21 23:59:27 [scrapy.extensions.telnet] INFO: Telnet Password: db47666ee46bd541
2025-04-21 23:59:27 [scrapy.middleware] INFO: Enabled extensions:
['scrapy.extensions.corestats.CoreStats',
 'scrapy.extensions.telnet.TelnetConsole',
 'scrapy.extensions.logstats.LogStats']
2025-04-21 23:59:27 [scrapy.crawler] INFO: Overridden settings:
{'CONCURRENT_REQUESTS': 5,
 'COOKIES_ENABLED': False,
 'DOWNLOADER_CLIENT_TLS_METHOD': 'TLSv1.2',
 'DOWNLOAD_DELAY': 2,
 'LOG_FILE': 'scrapy_output.log',
 'LOG_LEVEL': 'INFO',
 'USER_AGENT': 'Mozilla/5.0 (Windows NT 10.0; Win64; x64) AppleWebKit/537.36 '
               '(KHTML, like Gecko) Chrome/91.0.4472.124 Safari/537.36'}
2025-04-21 23:59:28 [scrapy.middleware] INFO: Enabled downloader middlewares:
['scrapy.downloadermiddlewares.httpauth.HttpAuthMiddleware',
 'scrapy.downloadermiddlewares.downloadtimeout.DownloadTimeoutMiddleware',
 'scrapy.downloadermiddlewares.defaultheaders.DefaultHeadersMiddleware',
 'scrapy.downloadermiddlewares.useragent.UserAgentMiddleware',
 'scrapy.downloadermiddlewares.retry.RetryMiddleware',
 'scrapy.downloadermiddlewares.redirect.MetaRefreshMiddleware',
 'scrapy.downloadermiddlewares.httpcompression.HttpCompressionMiddleware',
 'scrapy.downloadermiddlewares.redirect.RedirectMiddleware',
 'scrapy.downloadermiddlewares.httpproxy.HttpProxyMiddleware',
 'scrapy.downloadermiddlewares.stats.DownloaderStats']
2025-04-21 23:59:28 [scrapy.middleware] INFO: Enabled spider middlewares:
['scrapy.spidermiddlewares.httperror.HttpErrorMiddleware',
 'scrapy.spidermiddlewares.offsite.OffsiteMiddleware',
 'scrapy.spidermiddlewares.referer.RefererMiddleware',
 'scrapy.spidermiddlewares.urllength.UrlLengthMiddleware',
 'scrapy.spidermiddlewares.depth.DepthMiddleware']
2025-04-21 23:59:28 [scrapy.middleware] INFO: Enabled item pipelines:
[]
2025-04-21 23:59:28 [scrapy.core.engine] INFO: Spider opened
2025-04-21 23:59:28 [scrapy.extensions.logstats] INFO: Crawled 0 pages (at 0 pages/min), scraped 0 items (at 0 items/min)
2025-04-21 23:59:28 [scrapy.extensions.telnet] INFO: Telnet console listening on 127.0.0.1:6023
2025-04-21 23:59:30 [scrapy.core.engine] INFO: Closing spider (finished)
2025-04-21 23:59:30 [scrapy.statscollectors] INFO: Dumping Scrapy stats:
{'downloader/request_bytes': 582,
 'downloader/request_count': 2,
 'downloader/request_method_count/GET': 2,
 'downloader/response_bytes': 13070,
 'downloader/response_count': 2,
 'downloader/response_status_count/200': 1,
 'downloader/response_status_count/301': 1,
 'elapsed_time_seconds': 2.514204,
 'finish_reason': 'finished',
 'finish_time': datetime.datetime(2025, 4, 22, 6, 59, 30, 779274, tzinfo=datetime.timezone.utc),
 'httpcompression/response_bytes': 82017,
 'httpcompression/response_count': 1,
 'log_count/INFO': 10,
 'log_count/WARNING': 1,
 'response_received_count': 1,
 'scheduler/dequeued': 2,
 'scheduler/dequeued/memory': 2,
 'scheduler/enqueued': 2,
 'scheduler/enqueued/memory': 2,
 'start_time': datetime.datetime(2025, 4, 22, 6, 59, 28, 265070, tzinfo=datetime.timezone.utc)}
2025-04-21 23:59:30 [scrapy.core.engine] INFO: Spider closed (finished)
2025-04-22 00:07:00 [scrapy.utils.log] INFO: Scrapy 2.11.0 started (bot: scrapybot)
2025-04-22 00:07:00 [scrapy.utils.log] INFO: Versions: lxml 5.3.2.0, libxml2 2.11.9, cssselect 1.3.0, parsel 1.10.0, w3lib 2.3.1, Twisted 22.10.0, Python 3.12.0 (tags/v3.12.0:0fb18b0, Oct  2 2023, 13:03:39) [MSC v.1935 64 bit (AMD64)], pyOpenSSL 25.0.0 (OpenSSL 3.4.1 11 Feb 2025), cryptography 44.0.2, Platform Windows-10-10.0.19045-SP0
2025-04-22 00:07:00 [scrapy.addons] INFO: Enabled addons:
[]
2025-04-22 00:07:00 [py.warnings] WARNING: C:\Users\Satia\Desktop\mirza\venv\Lib\site-packages\scrapy\utils\request.py:254: ScrapyDeprecationWarning: '2.6' is a deprecated value for the 'REQUEST_FINGERPRINTER_IMPLEMENTATION' setting.

It is also the default value. In other words, it is normal to get this warning if you have not defined a value for the 'REQUEST_FINGERPRINTER_IMPLEMENTATION' setting. This is so for backward compatibility reasons, but it will change in a future version of Scrapy.

See the documentation of the 'REQUEST_FINGERPRINTER_IMPLEMENTATION' setting for information on how to handle this deprecation.
  return cls(crawler)

2025-04-22 00:07:00 [scrapy.extensions.telnet] INFO: Telnet Password: da2c698f170e1607
2025-04-22 00:07:00 [scrapy.middleware] INFO: Enabled extensions:
['scrapy.extensions.corestats.CoreStats',
 'scrapy.extensions.telnet.TelnetConsole',
 'scrapy.extensions.logstats.LogStats']
2025-04-22 00:07:00 [scrapy.crawler] INFO: Overridden settings:
{'CONCURRENT_REQUESTS': 5,
 'COOKIES_ENABLED': False,
 'DOWNLOADER_CLIENT_TLS_METHOD': 'TLSv1.2',
 'DOWNLOAD_DELAY': 2,
 'LOG_FILE': 'scrapy_output.log',
 'LOG_LEVEL': 'INFO',
 'USER_AGENT': 'Mozilla/5.0 (Windows NT 10.0; Win64; x64) AppleWebKit/537.36 '
               '(KHTML, like Gecko) Chrome/91.0.4472.124 Safari/537.36'}
2025-04-22 00:07:01 [scrapy.middleware] INFO: Enabled downloader middlewares:
['scrapy.downloadermiddlewares.httpauth.HttpAuthMiddleware',
 'scrapy.downloadermiddlewares.downloadtimeout.DownloadTimeoutMiddleware',
 'scrapy.downloadermiddlewares.defaultheaders.DefaultHeadersMiddleware',
 'scrapy.downloadermiddlewares.useragent.UserAgentMiddleware',
 'scrapy.downloadermiddlewares.retry.RetryMiddleware',
 'scrapy.downloadermiddlewares.redirect.MetaRefreshMiddleware',
 'scrapy.downloadermiddlewares.httpcompression.HttpCompressionMiddleware',
 'scrapy.downloadermiddlewares.redirect.RedirectMiddleware',
 'scrapy.downloadermiddlewares.httpproxy.HttpProxyMiddleware',
 'scrapy.downloadermiddlewares.stats.DownloaderStats']
2025-04-22 00:07:01 [scrapy.middleware] INFO: Enabled spider middlewares:
['scrapy.spidermiddlewares.httperror.HttpErrorMiddleware',
 'scrapy.spidermiddlewares.offsite.OffsiteMiddleware',
 'scrapy.spidermiddlewares.referer.RefererMiddleware',
 'scrapy.spidermiddlewares.urllength.UrlLengthMiddleware',
 'scrapy.spidermiddlewares.depth.DepthMiddleware']
2025-04-22 00:07:01 [scrapy.middleware] INFO: Enabled item pipelines:
[]
2025-04-22 00:07:01 [scrapy.core.engine] INFO: Spider opened
2025-04-22 00:07:01 [scrapy.extensions.logstats] INFO: Crawled 0 pages (at 0 pages/min), scraped 0 items (at 0 items/min)
2025-04-22 00:07:01 [scrapy.extensions.telnet] INFO: Telnet console listening on 127.0.0.1:6023
2025-04-22 00:07:02 [scrapy.core.scraper] ERROR: Spider error processing <GET https://www.satia.co/> (referer: None)
Traceback (most recent call last):
  File "C:\Users\Satia\Desktop\mirza\venv\Lib\site-packages\scrapy\utils\defer.py", line 279, in iter_errback
    yield next(it)
          ^^^^^^^^
  File "C:\Users\Satia\Desktop\mirza\venv\Lib\site-packages\scrapy\utils\python.py", line 350, in __next__
    return next(self.data)
           ^^^^^^^^^^^^^^^
  File "C:\Users\Satia\Desktop\mirza\venv\Lib\site-packages\scrapy\utils\python.py", line 350, in __next__
    return next(self.data)
           ^^^^^^^^^^^^^^^
  File "C:\Users\Satia\Desktop\mirza\venv\Lib\site-packages\scrapy\core\spidermw.py", line 106, in process_sync
    for r in iterable:
  File "C:\Users\Satia\Desktop\mirza\venv\Lib\site-packages\scrapy\spidermiddlewares\offsite.py", line 28, in <genexpr>
    return (r for r in result or () if self._filter(r, spider))
           ^^^^^^^^^^^^^^^^^^^^^^^^^^^^^^^^^^^^^^^^^^^^^^^^^^^^
  File "C:\Users\Satia\Desktop\mirza\venv\Lib\site-packages\scrapy\core\spidermw.py", line 106, in process_sync
    for r in iterable:
  File "C:\Users\Satia\Desktop\mirza\venv\Lib\site-packages\scrapy\spidermiddlewares\referer.py", line 352, in <genexpr>
    return (self._set_referer(r, response) for r in result or ())
           ^^^^^^^^^^^^^^^^^^^^^^^^^^^^^^^^^^^^^^^^^^^^^^^^^^^^^^
  File "C:\Users\Satia\Desktop\mirza\venv\Lib\site-packages\scrapy\core\spidermw.py", line 106, in process_sync
    for r in iterable:
  File "C:\Users\Satia\Desktop\mirza\venv\Lib\site-packages\scrapy\spidermiddlewares\urllength.py", line 27, in <genexpr>
    return (r for r in result or () if self._filter(r, spider))
           ^^^^^^^^^^^^^^^^^^^^^^^^^^^^^^^^^^^^^^^^^^^^^^^^^^^^
  File "C:\Users\Satia\Desktop\mirza\venv\Lib\site-packages\scrapy\core\spidermw.py", line 106, in process_sync
    for r in iterable:
  File "C:\Users\Satia\Desktop\mirza\venv\Lib\site-packages\scrapy\spidermiddlewares\depth.py", line 31, in <genexpr>
    return (r for r in result or () if self._filter(r, response, spider))
           ^^^^^^^^^^^^^^^^^^^^^^^^^^^^^^^^^^^^^^^^^^^^^^^^^^^^^^^^^^^^^^
  File "C:\Users\Satia\Desktop\mirza\venv\Lib\site-packages\scrapy\core\spidermw.py", line 106, in process_sync
    for r in iterable:
  File "C:\Users\Satia\Desktop\mirza\crawler\main.py", line 70, in parse
    urls = self.content_urls(response)
           ^^^^^^^^^^^^^^^^^
AttributeError: 'SatyaSpider' object has no attribute 'content_urls'
2025-04-22 00:07:02 [scrapy.core.engine] INFO: Closing spider (finished)
2025-04-22 00:07:02 [scrapy.statscollectors] INFO: Dumping Scrapy stats:
{'downloader/request_bytes': 582,
 'downloader/request_count': 2,
 'downloader/request_method_count/GET': 2,
 'downloader/response_bytes': 13070,
 'downloader/response_count': 2,
 'downloader/response_status_count/200': 1,
 'downloader/response_status_count/301': 1,
 'elapsed_time_seconds': 1.45215,
 'finish_reason': 'finished',
 'finish_time': datetime.datetime(2025, 4, 22, 7, 7, 2, 726767, tzinfo=datetime.timezone.utc),
 'httpcompression/response_bytes': 82017,
 'httpcompression/response_count': 1,
 'log_count/ERROR': 1,
 'log_count/INFO': 10,
 'log_count/WARNING': 1,
 'response_received_count': 1,
 'scheduler/dequeued': 2,
 'scheduler/dequeued/memory': 2,
 'scheduler/enqueued': 2,
 'scheduler/enqueued/memory': 2,
 'spider_exceptions/AttributeError': 1,
 'start_time': datetime.datetime(2025, 4, 22, 7, 7, 1, 274617, tzinfo=datetime.timezone.utc)}
2025-04-22 00:07:02 [scrapy.core.engine] INFO: Spider closed (finished)
2025-04-22 00:08:31 [scrapy.utils.log] INFO: Scrapy 2.11.0 started (bot: scrapybot)
2025-04-22 00:08:31 [scrapy.utils.log] INFO: Versions: lxml 5.3.2.0, libxml2 2.11.9, cssselect 1.3.0, parsel 1.10.0, w3lib 2.3.1, Twisted 22.10.0, Python 3.12.0 (tags/v3.12.0:0fb18b0, Oct  2 2023, 13:03:39) [MSC v.1935 64 bit (AMD64)], pyOpenSSL 25.0.0 (OpenSSL 3.4.1 11 Feb 2025), cryptography 44.0.2, Platform Windows-10-10.0.19045-SP0
2025-04-22 00:08:31 [scrapy.addons] INFO: Enabled addons:
[]
2025-04-22 00:08:31 [py.warnings] WARNING: C:\Users\Satia\Desktop\mirza\venv\Lib\site-packages\scrapy\utils\request.py:254: ScrapyDeprecationWarning: '2.6' is a deprecated value for the 'REQUEST_FINGERPRINTER_IMPLEMENTATION' setting.

It is also the default value. In other words, it is normal to get this warning if you have not defined a value for the 'REQUEST_FINGERPRINTER_IMPLEMENTATION' setting. This is so for backward compatibility reasons, but it will change in a future version of Scrapy.

See the documentation of the 'REQUEST_FINGERPRINTER_IMPLEMENTATION' setting for information on how to handle this deprecation.
  return cls(crawler)

2025-04-22 00:08:31 [scrapy.extensions.telnet] INFO: Telnet Password: d46cc3c36fb85c1a
2025-04-22 00:08:31 [scrapy.middleware] INFO: Enabled extensions:
['scrapy.extensions.corestats.CoreStats',
 'scrapy.extensions.telnet.TelnetConsole',
 'scrapy.extensions.logstats.LogStats']
2025-04-22 00:08:31 [scrapy.crawler] INFO: Overridden settings:
{'CONCURRENT_REQUESTS': 5,
 'COOKIES_ENABLED': False,
 'DOWNLOADER_CLIENT_TLS_METHOD': 'TLSv1.2',
 'DOWNLOAD_DELAY': 2,
 'LOG_FILE': 'scrapy_output.log',
 'LOG_LEVEL': 'INFO',
 'USER_AGENT': 'Mozilla/5.0 (Windows NT 10.0; Win64; x64) AppleWebKit/537.36 '
               '(KHTML, like Gecko) Chrome/91.0.4472.124 Safari/537.36'}
2025-04-22 00:08:32 [scrapy.middleware] INFO: Enabled downloader middlewares:
['scrapy.downloadermiddlewares.httpauth.HttpAuthMiddleware',
 'scrapy.downloadermiddlewares.downloadtimeout.DownloadTimeoutMiddleware',
 'scrapy.downloadermiddlewares.defaultheaders.DefaultHeadersMiddleware',
 'scrapy.downloadermiddlewares.useragent.UserAgentMiddleware',
 'scrapy.downloadermiddlewares.retry.RetryMiddleware',
 'scrapy.downloadermiddlewares.redirect.MetaRefreshMiddleware',
 'scrapy.downloadermiddlewares.httpcompression.HttpCompressionMiddleware',
 'scrapy.downloadermiddlewares.redirect.RedirectMiddleware',
 'scrapy.downloadermiddlewares.httpproxy.HttpProxyMiddleware',
 'scrapy.downloadermiddlewares.stats.DownloaderStats']
2025-04-22 00:08:32 [scrapy.middleware] INFO: Enabled spider middlewares:
['scrapy.spidermiddlewares.httperror.HttpErrorMiddleware',
 'scrapy.spidermiddlewares.offsite.OffsiteMiddleware',
 'scrapy.spidermiddlewares.referer.RefererMiddleware',
 'scrapy.spidermiddlewares.urllength.UrlLengthMiddleware',
 'scrapy.spidermiddlewares.depth.DepthMiddleware']
2025-04-22 00:08:32 [scrapy.middleware] INFO: Enabled item pipelines:
[]
2025-04-22 00:08:32 [scrapy.core.engine] INFO: Spider opened
2025-04-22 00:08:32 [scrapy.extensions.logstats] INFO: Crawled 0 pages (at 0 pages/min), scraped 0 items (at 0 items/min)
2025-04-22 00:08:32 [scrapy.extensions.telnet] INFO: Telnet console listening on 127.0.0.1:6023
2025-04-22 00:08:34 [scrapy.core.scraper] ERROR: Spider error processing <GET https://www.satia.co/> (referer: None)
Traceback (most recent call last):
  File "C:\Users\Satia\Desktop\mirza\venv\Lib\site-packages\scrapy\utils\defer.py", line 279, in iter_errback
    yield next(it)
          ^^^^^^^^
  File "C:\Users\Satia\Desktop\mirza\venv\Lib\site-packages\scrapy\utils\python.py", line 350, in __next__
    return next(self.data)
           ^^^^^^^^^^^^^^^
  File "C:\Users\Satia\Desktop\mirza\venv\Lib\site-packages\scrapy\utils\python.py", line 350, in __next__
    return next(self.data)
           ^^^^^^^^^^^^^^^
  File "C:\Users\Satia\Desktop\mirza\venv\Lib\site-packages\scrapy\core\spidermw.py", line 106, in process_sync
    for r in iterable:
  File "C:\Users\Satia\Desktop\mirza\venv\Lib\site-packages\scrapy\spidermiddlewares\offsite.py", line 28, in <genexpr>
    return (r for r in result or () if self._filter(r, spider))
           ^^^^^^^^^^^^^^^^^^^^^^^^^^^^^^^^^^^^^^^^^^^^^^^^^^^^
  File "C:\Users\Satia\Desktop\mirza\venv\Lib\site-packages\scrapy\core\spidermw.py", line 106, in process_sync
    for r in iterable:
  File "C:\Users\Satia\Desktop\mirza\venv\Lib\site-packages\scrapy\spidermiddlewares\referer.py", line 352, in <genexpr>
    return (self._set_referer(r, response) for r in result or ())
           ^^^^^^^^^^^^^^^^^^^^^^^^^^^^^^^^^^^^^^^^^^^^^^^^^^^^^^
  File "C:\Users\Satia\Desktop\mirza\venv\Lib\site-packages\scrapy\core\spidermw.py", line 106, in process_sync
    for r in iterable:
  File "C:\Users\Satia\Desktop\mirza\venv\Lib\site-packages\scrapy\spidermiddlewares\urllength.py", line 27, in <genexpr>
    return (r for r in result or () if self._filter(r, spider))
           ^^^^^^^^^^^^^^^^^^^^^^^^^^^^^^^^^^^^^^^^^^^^^^^^^^^^
  File "C:\Users\Satia\Desktop\mirza\venv\Lib\site-packages\scrapy\core\spidermw.py", line 106, in process_sync
    for r in iterable:
  File "C:\Users\Satia\Desktop\mirza\venv\Lib\site-packages\scrapy\spidermiddlewares\depth.py", line 31, in <genexpr>
    return (r for r in result or () if self._filter(r, response, spider))
           ^^^^^^^^^^^^^^^^^^^^^^^^^^^^^^^^^^^^^^^^^^^^^^^^^^^^^^^^^^^^^^
  File "C:\Users\Satia\Desktop\mirza\venv\Lib\site-packages\scrapy\core\spidermw.py", line 106, in process_sync
    for r in iterable:
  File "C:\Users\Satia\Desktop\mirza\crawler\main.py", line 67, in parse
    urls = self.content_urls(response)
           ^^^^^^^^^^^^^^^^^
AttributeError: 'SatyaSpider' object has no attribute 'content_urls'
2025-04-22 00:08:34 [scrapy.core.engine] INFO: Closing spider (finished)
2025-04-22 00:08:34 [scrapy.statscollectors] INFO: Dumping Scrapy stats:
{'downloader/request_bytes': 582,
 'downloader/request_count': 2,
 'downloader/request_method_count/GET': 2,
 'downloader/response_bytes': 13070,
 'downloader/response_count': 2,
 'downloader/response_status_count/200': 1,
 'downloader/response_status_count/301': 1,
 'elapsed_time_seconds': 1.866407,
 'finish_reason': 'finished',
 'finish_time': datetime.datetime(2025, 4, 22, 7, 8, 34, 26133, tzinfo=datetime.timezone.utc),
 'httpcompression/response_bytes': 82017,
 'httpcompression/response_count': 1,
 'log_count/ERROR': 1,
 'log_count/INFO': 10,
 'log_count/WARNING': 1,
 'response_received_count': 1,
 'scheduler/dequeued': 2,
 'scheduler/dequeued/memory': 2,
 'scheduler/enqueued': 2,
 'scheduler/enqueued/memory': 2,
 'spider_exceptions/AttributeError': 1,
 'start_time': datetime.datetime(2025, 4, 22, 7, 8, 32, 159726, tzinfo=datetime.timezone.utc)}
2025-04-22 00:08:34 [scrapy.core.engine] INFO: Spider closed (finished)
2025-04-22 00:14:39 [scrapy.utils.log] INFO: Scrapy 2.11.0 started (bot: scrapybot)
2025-04-22 00:14:39 [scrapy.utils.log] INFO: Versions: lxml 5.3.2.0, libxml2 2.11.9, cssselect 1.3.0, parsel 1.10.0, w3lib 2.3.1, Twisted 22.10.0, Python 3.12.0 (tags/v3.12.0:0fb18b0, Oct  2 2023, 13:03:39) [MSC v.1935 64 bit (AMD64)], pyOpenSSL 25.0.0 (OpenSSL 3.4.1 11 Feb 2025), cryptography 44.0.2, Platform Windows-10-10.0.19045-SP0
2025-04-22 00:14:39 [scrapy.addons] INFO: Enabled addons:
[]
2025-04-22 00:14:39 [py.warnings] WARNING: C:\Users\Satia\Desktop\mirza\venv\Lib\site-packages\scrapy\utils\request.py:254: ScrapyDeprecationWarning: '2.6' is a deprecated value for the 'REQUEST_FINGERPRINTER_IMPLEMENTATION' setting.

It is also the default value. In other words, it is normal to get this warning if you have not defined a value for the 'REQUEST_FINGERPRINTER_IMPLEMENTATION' setting. This is so for backward compatibility reasons, but it will change in a future version of Scrapy.

See the documentation of the 'REQUEST_FINGERPRINTER_IMPLEMENTATION' setting for information on how to handle this deprecation.
  return cls(crawler)

2025-04-22 00:14:39 [scrapy.extensions.telnet] INFO: Telnet Password: 6e36e0ef5d56835a
2025-04-22 00:14:39 [scrapy.middleware] INFO: Enabled extensions:
['scrapy.extensions.corestats.CoreStats',
 'scrapy.extensions.telnet.TelnetConsole',
 'scrapy.extensions.logstats.LogStats']
2025-04-22 00:14:39 [scrapy.crawler] INFO: Overridden settings:
{'CONCURRENT_REQUESTS': 5,
 'COOKIES_ENABLED': False,
 'DOWNLOADER_CLIENT_TLS_METHOD': 'TLSv1.2',
 'DOWNLOAD_DELAY': 2,
 'LOG_FILE': 'scrapy_output.log',
 'LOG_LEVEL': 'INFO',
 'USER_AGENT': 'Mozilla/5.0 (Windows NT 10.0; Win64; x64) AppleWebKit/537.36 '
               '(KHTML, like Gecko) Chrome/91.0.4472.124 Safari/537.36'}
2025-04-22 00:14:39 [scrapy.middleware] INFO: Enabled downloader middlewares:
['scrapy.downloadermiddlewares.httpauth.HttpAuthMiddleware',
 'scrapy.downloadermiddlewares.downloadtimeout.DownloadTimeoutMiddleware',
 'scrapy.downloadermiddlewares.defaultheaders.DefaultHeadersMiddleware',
 'scrapy.downloadermiddlewares.useragent.UserAgentMiddleware',
 'scrapy.downloadermiddlewares.retry.RetryMiddleware',
 'scrapy.downloadermiddlewares.redirect.MetaRefreshMiddleware',
 'scrapy.downloadermiddlewares.httpcompression.HttpCompressionMiddleware',
 'scrapy.downloadermiddlewares.redirect.RedirectMiddleware',
 'scrapy.downloadermiddlewares.httpproxy.HttpProxyMiddleware',
 'scrapy.downloadermiddlewares.stats.DownloaderStats']
2025-04-22 00:14:39 [scrapy.middleware] INFO: Enabled spider middlewares:
['scrapy.spidermiddlewares.httperror.HttpErrorMiddleware',
 'scrapy.spidermiddlewares.offsite.OffsiteMiddleware',
 'scrapy.spidermiddlewares.referer.RefererMiddleware',
 'scrapy.spidermiddlewares.urllength.UrlLengthMiddleware',
 'scrapy.spidermiddlewares.depth.DepthMiddleware']
2025-04-22 00:14:39 [scrapy.middleware] INFO: Enabled item pipelines:
[]
2025-04-22 00:14:39 [scrapy.core.engine] INFO: Spider opened
2025-04-22 00:14:39 [scrapy.extensions.logstats] INFO: Crawled 0 pages (at 0 pages/min), scraped 0 items (at 0 items/min)
2025-04-22 00:14:39 [scrapy.extensions.telnet] INFO: Telnet console listening on 127.0.0.1:6023
2025-04-22 00:14:42 [scrapy.core.scraper] ERROR: Spider error processing <GET https://www.satia.co/> (referer: None)
Traceback (most recent call last):
  File "C:\Users\Satia\Desktop\mirza\venv\Lib\site-packages\scrapy\utils\defer.py", line 279, in iter_errback
    yield next(it)
          ^^^^^^^^
  File "C:\Users\Satia\Desktop\mirza\venv\Lib\site-packages\scrapy\utils\python.py", line 350, in __next__
    return next(self.data)
           ^^^^^^^^^^^^^^^
  File "C:\Users\Satia\Desktop\mirza\venv\Lib\site-packages\scrapy\utils\python.py", line 350, in __next__
    return next(self.data)
           ^^^^^^^^^^^^^^^
  File "C:\Users\Satia\Desktop\mirza\venv\Lib\site-packages\scrapy\core\spidermw.py", line 106, in process_sync
    for r in iterable:
  File "C:\Users\Satia\Desktop\mirza\venv\Lib\site-packages\scrapy\spidermiddlewares\offsite.py", line 28, in <genexpr>
    return (r for r in result or () if self._filter(r, spider))
           ^^^^^^^^^^^^^^^^^^^^^^^^^^^^^^^^^^^^^^^^^^^^^^^^^^^^
  File "C:\Users\Satia\Desktop\mirza\venv\Lib\site-packages\scrapy\core\spidermw.py", line 106, in process_sync
    for r in iterable:
  File "C:\Users\Satia\Desktop\mirza\venv\Lib\site-packages\scrapy\spidermiddlewares\referer.py", line 352, in <genexpr>
    return (self._set_referer(r, response) for r in result or ())
           ^^^^^^^^^^^^^^^^^^^^^^^^^^^^^^^^^^^^^^^^^^^^^^^^^^^^^^
  File "C:\Users\Satia\Desktop\mirza\venv\Lib\site-packages\scrapy\core\spidermw.py", line 106, in process_sync
    for r in iterable:
  File "C:\Users\Satia\Desktop\mirza\venv\Lib\site-packages\scrapy\spidermiddlewares\urllength.py", line 27, in <genexpr>
    return (r for r in result or () if self._filter(r, spider))
           ^^^^^^^^^^^^^^^^^^^^^^^^^^^^^^^^^^^^^^^^^^^^^^^^^^^^
  File "C:\Users\Satia\Desktop\mirza\venv\Lib\site-packages\scrapy\core\spidermw.py", line 106, in process_sync
    for r in iterable:
  File "C:\Users\Satia\Desktop\mirza\venv\Lib\site-packages\scrapy\spidermiddlewares\depth.py", line 31, in <genexpr>
    return (r for r in result or () if self._filter(r, response, spider))
           ^^^^^^^^^^^^^^^^^^^^^^^^^^^^^^^^^^^^^^^^^^^^^^^^^^^^^^^^^^^^^^
  File "C:\Users\Satia\Desktop\mirza\venv\Lib\site-packages\scrapy\core\spidermw.py", line 106, in process_sync
    for r in iterable:
  File "C:\Users\Satia\Desktop\mirza\crawler\main.py", line 67, in parse
    urls = self.content_urls(response)
           ^^^^^^^^^^^^^^^^^
AttributeError: 'SatyaSpider' object has no attribute 'content_urls'
2025-04-22 00:14:42 [scrapy.core.engine] INFO: Closing spider (finished)
2025-04-22 00:14:42 [scrapy.statscollectors] INFO: Dumping Scrapy stats:
{'downloader/request_bytes': 582,
 'downloader/request_count': 2,
 'downloader/request_method_count/GET': 2,
 'downloader/response_bytes': 13070,
 'downloader/response_count': 2,
 'downloader/response_status_count/200': 1,
 'downloader/response_status_count/301': 1,
 'elapsed_time_seconds': 2.755994,
 'finish_reason': 'finished',
 'finish_time': datetime.datetime(2025, 4, 22, 7, 14, 42, 708120, tzinfo=datetime.timezone.utc),
 'httpcompression/response_bytes': 82017,
 'httpcompression/response_count': 1,
 'log_count/ERROR': 1,
 'log_count/INFO': 10,
 'log_count/WARNING': 1,
 'response_received_count': 1,
 'scheduler/dequeued': 2,
 'scheduler/dequeued/memory': 2,
 'scheduler/enqueued': 2,
 'scheduler/enqueued/memory': 2,
 'spider_exceptions/AttributeError': 1,
 'start_time': datetime.datetime(2025, 4, 22, 7, 14, 39, 952126, tzinfo=datetime.timezone.utc)}
2025-04-22 00:14:42 [scrapy.core.engine] INFO: Spider closed (finished)
2025-04-22 00:18:12 [scrapy.utils.log] INFO: Scrapy 2.11.0 started (bot: scrapybot)
2025-04-22 00:18:12 [scrapy.utils.log] INFO: Versions: lxml 5.3.2.0, libxml2 2.11.9, cssselect 1.3.0, parsel 1.10.0, w3lib 2.3.1, Twisted 22.10.0, Python 3.12.0 (tags/v3.12.0:0fb18b0, Oct  2 2023, 13:03:39) [MSC v.1935 64 bit (AMD64)], pyOpenSSL 25.0.0 (OpenSSL 3.4.1 11 Feb 2025), cryptography 44.0.2, Platform Windows-10-10.0.19045-SP0
2025-04-22 00:18:12 [scrapy.addons] INFO: Enabled addons:
[]
2025-04-22 00:18:12 [py.warnings] WARNING: C:\Users\Satia\Desktop\mirza\venv\Lib\site-packages\scrapy\utils\request.py:254: ScrapyDeprecationWarning: '2.6' is a deprecated value for the 'REQUEST_FINGERPRINTER_IMPLEMENTATION' setting.

It is also the default value. In other words, it is normal to get this warning if you have not defined a value for the 'REQUEST_FINGERPRINTER_IMPLEMENTATION' setting. This is so for backward compatibility reasons, but it will change in a future version of Scrapy.

See the documentation of the 'REQUEST_FINGERPRINTER_IMPLEMENTATION' setting for information on how to handle this deprecation.
  return cls(crawler)

2025-04-22 00:18:12 [scrapy.extensions.telnet] INFO: Telnet Password: 7e67a1e0da733884
2025-04-22 00:18:12 [scrapy.middleware] INFO: Enabled extensions:
['scrapy.extensions.corestats.CoreStats',
 'scrapy.extensions.telnet.TelnetConsole',
 'scrapy.extensions.logstats.LogStats']
2025-04-22 00:18:12 [scrapy.crawler] INFO: Overridden settings:
{'CONCURRENT_REQUESTS': 5,
 'COOKIES_ENABLED': False,
 'DOWNLOADER_CLIENT_TLS_METHOD': 'TLSv1.2',
 'DOWNLOAD_DELAY': 2,
 'LOG_FILE': 'scrapy_output.log',
 'LOG_LEVEL': 'INFO',
 'USER_AGENT': 'Mozilla/5.0 (Windows NT 10.0; Win64; x64) AppleWebKit/537.36 '
               '(KHTML, like Gecko) Chrome/91.0.4472.124 Safari/537.36'}
2025-04-22 00:18:12 [scrapy.middleware] INFO: Enabled downloader middlewares:
['scrapy.downloadermiddlewares.httpauth.HttpAuthMiddleware',
 'scrapy.downloadermiddlewares.downloadtimeout.DownloadTimeoutMiddleware',
 'scrapy.downloadermiddlewares.defaultheaders.DefaultHeadersMiddleware',
 'scrapy.downloadermiddlewares.useragent.UserAgentMiddleware',
 'scrapy.downloadermiddlewares.retry.RetryMiddleware',
 'scrapy.downloadermiddlewares.redirect.MetaRefreshMiddleware',
 'scrapy.downloadermiddlewares.httpcompression.HttpCompressionMiddleware',
 'scrapy.downloadermiddlewares.redirect.RedirectMiddleware',
 'scrapy.downloadermiddlewares.httpproxy.HttpProxyMiddleware',
 'scrapy.downloadermiddlewares.stats.DownloaderStats']
2025-04-22 00:18:12 [scrapy.middleware] INFO: Enabled spider middlewares:
['scrapy.spidermiddlewares.httperror.HttpErrorMiddleware',
 'scrapy.spidermiddlewares.offsite.OffsiteMiddleware',
 'scrapy.spidermiddlewares.referer.RefererMiddleware',
 'scrapy.spidermiddlewares.urllength.UrlLengthMiddleware',
 'scrapy.spidermiddlewares.depth.DepthMiddleware']
2025-04-22 00:18:12 [scrapy.middleware] INFO: Enabled item pipelines:
[]
2025-04-22 00:18:12 [scrapy.core.engine] INFO: Spider opened
2025-04-22 00:18:12 [scrapy.extensions.logstats] INFO: Crawled 0 pages (at 0 pages/min), scraped 0 items (at 0 items/min)
2025-04-22 00:18:12 [scrapy.extensions.telnet] INFO: Telnet console listening on 127.0.0.1:6023
2025-04-22 00:18:15 [scrapy.core.engine] INFO: Closing spider (finished)
2025-04-22 00:18:15 [scrapy.statscollectors] INFO: Dumping Scrapy stats:
{'downloader/request_bytes': 582,
 'downloader/request_count': 2,
 'downloader/request_method_count/GET': 2,
 'downloader/response_bytes': 13070,
 'downloader/response_count': 2,
 'downloader/response_status_count/200': 1,
 'downloader/response_status_count/301': 1,
 'elapsed_time_seconds': 2.688779,
 'finish_reason': 'finished',
 'finish_time': datetime.datetime(2025, 4, 22, 7, 18, 15, 473211, tzinfo=datetime.timezone.utc),
 'httpcompression/response_bytes': 82017,
 'httpcompression/response_count': 1,
 'log_count/INFO': 10,
 'log_count/WARNING': 1,
 'response_received_count': 1,
 'scheduler/dequeued': 2,
 'scheduler/dequeued/memory': 2,
 'scheduler/enqueued': 2,
 'scheduler/enqueued/memory': 2,
 'start_time': datetime.datetime(2025, 4, 22, 7, 18, 12, 784432, tzinfo=datetime.timezone.utc)}
2025-04-22 00:18:15 [scrapy.core.engine] INFO: Spider closed (finished)
2025-04-22 00:20:13 [scrapy.utils.log] INFO: Scrapy 2.11.0 started (bot: scrapybot)
2025-04-22 00:20:13 [scrapy.utils.log] INFO: Versions: lxml 5.3.2.0, libxml2 2.11.9, cssselect 1.3.0, parsel 1.10.0, w3lib 2.3.1, Twisted 22.10.0, Python 3.12.0 (tags/v3.12.0:0fb18b0, Oct  2 2023, 13:03:39) [MSC v.1935 64 bit (AMD64)], pyOpenSSL 25.0.0 (OpenSSL 3.4.1 11 Feb 2025), cryptography 44.0.2, Platform Windows-10-10.0.19045-SP0
2025-04-22 00:20:13 [scrapy.addons] INFO: Enabled addons:
[]
2025-04-22 00:20:13 [py.warnings] WARNING: C:\Users\Satia\Desktop\mirza\venv\Lib\site-packages\scrapy\utils\request.py:254: ScrapyDeprecationWarning: '2.6' is a deprecated value for the 'REQUEST_FINGERPRINTER_IMPLEMENTATION' setting.

It is also the default value. In other words, it is normal to get this warning if you have not defined a value for the 'REQUEST_FINGERPRINTER_IMPLEMENTATION' setting. This is so for backward compatibility reasons, but it will change in a future version of Scrapy.

See the documentation of the 'REQUEST_FINGERPRINTER_IMPLEMENTATION' setting for information on how to handle this deprecation.
  return cls(crawler)

2025-04-22 00:20:13 [scrapy.extensions.telnet] INFO: Telnet Password: ad48aeaf8ca853ca
2025-04-22 00:20:13 [scrapy.middleware] INFO: Enabled extensions:
['scrapy.extensions.corestats.CoreStats',
 'scrapy.extensions.telnet.TelnetConsole',
 'scrapy.extensions.logstats.LogStats']
2025-04-22 00:20:13 [scrapy.crawler] INFO: Overridden settings:
{'CONCURRENT_REQUESTS': 5,
 'COOKIES_ENABLED': False,
 'DOWNLOADER_CLIENT_TLS_METHOD': 'TLSv1.2',
 'DOWNLOAD_DELAY': 2,
 'LOG_FILE': 'scrapy_output.log',
 'LOG_LEVEL': 'INFO',
 'USER_AGENT': 'Mozilla/5.0 (Windows NT 10.0; Win64; x64) AppleWebKit/537.36 '
               '(KHTML, like Gecko) Chrome/91.0.4472.124 Safari/537.36'}
2025-04-22 00:20:13 [scrapy.middleware] INFO: Enabled downloader middlewares:
['scrapy.downloadermiddlewares.httpauth.HttpAuthMiddleware',
 'scrapy.downloadermiddlewares.downloadtimeout.DownloadTimeoutMiddleware',
 'scrapy.downloadermiddlewares.defaultheaders.DefaultHeadersMiddleware',
 'scrapy.downloadermiddlewares.useragent.UserAgentMiddleware',
 'scrapy.downloadermiddlewares.retry.RetryMiddleware',
 'scrapy.downloadermiddlewares.redirect.MetaRefreshMiddleware',
 'scrapy.downloadermiddlewares.httpcompression.HttpCompressionMiddleware',
 'scrapy.downloadermiddlewares.redirect.RedirectMiddleware',
 'scrapy.downloadermiddlewares.httpproxy.HttpProxyMiddleware',
 'scrapy.downloadermiddlewares.stats.DownloaderStats']
2025-04-22 00:20:13 [scrapy.middleware] INFO: Enabled spider middlewares:
['scrapy.spidermiddlewares.httperror.HttpErrorMiddleware',
 'scrapy.spidermiddlewares.offsite.OffsiteMiddleware',
 'scrapy.spidermiddlewares.referer.RefererMiddleware',
 'scrapy.spidermiddlewares.urllength.UrlLengthMiddleware',
 'scrapy.spidermiddlewares.depth.DepthMiddleware']
2025-04-22 00:20:13 [scrapy.middleware] INFO: Enabled item pipelines:
[]
2025-04-22 00:20:13 [scrapy.core.engine] INFO: Spider opened
2025-04-22 00:20:13 [scrapy.extensions.logstats] INFO: Crawled 0 pages (at 0 pages/min), scraped 0 items (at 0 items/min)
2025-04-22 00:20:13 [scrapy.extensions.telnet] INFO: Telnet console listening on 127.0.0.1:6023
2025-04-22 00:20:33 [scrapy.core.engine] INFO: Closing spider (finished)
2025-04-22 00:20:33 [scrapy.statscollectors] INFO: Dumping Scrapy stats:
{'downloader/request_bytes': 2374,
 'downloader/request_count': 8,
 'downloader/request_method_count/GET': 8,
 'downloader/response_bytes': 38744,
 'downloader/response_count': 8,
 'downloader/response_status_count/200': 3,
 'downloader/response_status_count/301': 3,
 'downloader/response_status_count/302': 2,
 'elapsed_time_seconds': 19.289124,
 'finish_reason': 'finished',
 'finish_time': datetime.datetime(2025, 4, 22, 7, 20, 33, 194150, tzinfo=datetime.timezone.utc),
 'httpcompression/response_bytes': 241114,
 'httpcompression/response_count': 3,
 'log_count/INFO': 10,
 'log_count/WARNING': 1,
 'request_depth_max': 1,
 'response_received_count': 3,
 'scheduler/dequeued': 8,
 'scheduler/dequeued/memory': 8,
 'scheduler/enqueued': 8,
 'scheduler/enqueued/memory': 8,
 'start_time': datetime.datetime(2025, 4, 22, 7, 20, 13, 905026, tzinfo=datetime.timezone.utc)}
2025-04-22 00:20:33 [scrapy.core.engine] INFO: Spider closed (finished)
2025-04-22 00:22:02 [scrapy.utils.log] INFO: Scrapy 2.11.0 started (bot: scrapybot)
2025-04-22 00:22:02 [scrapy.utils.log] INFO: Versions: lxml 5.3.2.0, libxml2 2.11.9, cssselect 1.3.0, parsel 1.10.0, w3lib 2.3.1, Twisted 22.10.0, Python 3.12.0 (tags/v3.12.0:0fb18b0, Oct  2 2023, 13:03:39) [MSC v.1935 64 bit (AMD64)], pyOpenSSL 25.0.0 (OpenSSL 3.4.1 11 Feb 2025), cryptography 44.0.2, Platform Windows-10-10.0.19045-SP0
2025-04-22 00:22:02 [scrapy.addons] INFO: Enabled addons:
[]
2025-04-22 00:22:02 [py.warnings] WARNING: C:\Users\Satia\Desktop\mirza\venv\Lib\site-packages\scrapy\utils\request.py:254: ScrapyDeprecationWarning: '2.6' is a deprecated value for the 'REQUEST_FINGERPRINTER_IMPLEMENTATION' setting.

It is also the default value. In other words, it is normal to get this warning if you have not defined a value for the 'REQUEST_FINGERPRINTER_IMPLEMENTATION' setting. This is so for backward compatibility reasons, but it will change in a future version of Scrapy.

See the documentation of the 'REQUEST_FINGERPRINTER_IMPLEMENTATION' setting for information on how to handle this deprecation.
  return cls(crawler)

2025-04-22 00:22:02 [scrapy.extensions.telnet] INFO: Telnet Password: fa4cbcc259fb6dd0
2025-04-22 00:22:02 [scrapy.middleware] INFO: Enabled extensions:
['scrapy.extensions.corestats.CoreStats',
 'scrapy.extensions.telnet.TelnetConsole',
 'scrapy.extensions.logstats.LogStats']
2025-04-22 00:22:02 [scrapy.crawler] INFO: Overridden settings:
{'CONCURRENT_REQUESTS': 5,
 'COOKIES_ENABLED': False,
 'DOWNLOADER_CLIENT_TLS_METHOD': 'TLSv1.2',
 'DOWNLOAD_DELAY': 2,
 'LOG_FILE': 'scrapy_output.log',
 'LOG_LEVEL': 'INFO',
 'USER_AGENT': 'Mozilla/5.0 (Windows NT 10.0; Win64; x64) AppleWebKit/537.36 '
               '(KHTML, like Gecko) Chrome/91.0.4472.124 Safari/537.36'}
2025-04-22 00:22:03 [scrapy.middleware] INFO: Enabled downloader middlewares:
['scrapy.downloadermiddlewares.httpauth.HttpAuthMiddleware',
 'scrapy.downloadermiddlewares.downloadtimeout.DownloadTimeoutMiddleware',
 'scrapy.downloadermiddlewares.defaultheaders.DefaultHeadersMiddleware',
 'scrapy.downloadermiddlewares.useragent.UserAgentMiddleware',
 'scrapy.downloadermiddlewares.retry.RetryMiddleware',
 'scrapy.downloadermiddlewares.redirect.MetaRefreshMiddleware',
 'scrapy.downloadermiddlewares.httpcompression.HttpCompressionMiddleware',
 'scrapy.downloadermiddlewares.redirect.RedirectMiddleware',
 'scrapy.downloadermiddlewares.httpproxy.HttpProxyMiddleware',
 'scrapy.downloadermiddlewares.stats.DownloaderStats']
2025-04-22 00:22:03 [scrapy.middleware] INFO: Enabled spider middlewares:
['scrapy.spidermiddlewares.httperror.HttpErrorMiddleware',
 'scrapy.spidermiddlewares.offsite.OffsiteMiddleware',
 'scrapy.spidermiddlewares.referer.RefererMiddleware',
 'scrapy.spidermiddlewares.urllength.UrlLengthMiddleware',
 'scrapy.spidermiddlewares.depth.DepthMiddleware']
2025-04-22 00:22:03 [scrapy.middleware] INFO: Enabled item pipelines:
[]
2025-04-22 00:22:03 [scrapy.core.engine] INFO: Spider opened
2025-04-22 00:22:03 [scrapy.extensions.logstats] INFO: Crawled 0 pages (at 0 pages/min), scraped 0 items (at 0 items/min)
2025-04-22 00:22:03 [scrapy.extensions.telnet] INFO: Telnet console listening on 127.0.0.1:6023
2025-04-22 00:22:05 [scrapy.core.engine] INFO: Closing spider (finished)
2025-04-22 00:22:05 [scrapy.statscollectors] INFO: Dumping Scrapy stats:
{'downloader/request_bytes': 582,
 'downloader/request_count': 2,
 'downloader/request_method_count/GET': 2,
 'downloader/response_bytes': 13070,
 'downloader/response_count': 2,
 'downloader/response_status_count/200': 1,
 'downloader/response_status_count/301': 1,
 'elapsed_time_seconds': 2.876852,
 'finish_reason': 'finished',
 'finish_time': datetime.datetime(2025, 4, 22, 7, 22, 5, 927278, tzinfo=datetime.timezone.utc),
 'httpcompression/response_bytes': 82017,
 'httpcompression/response_count': 1,
 'log_count/INFO': 10,
 'log_count/WARNING': 1,
 'response_received_count': 1,
 'scheduler/dequeued': 2,
 'scheduler/dequeued/memory': 2,
 'scheduler/enqueued': 2,
 'scheduler/enqueued/memory': 2,
 'start_time': datetime.datetime(2025, 4, 22, 7, 22, 3, 50426, tzinfo=datetime.timezone.utc)}
2025-04-22 00:22:05 [scrapy.core.engine] INFO: Spider closed (finished)
2025-04-22 00:30:19 [scrapy.utils.log] INFO: Scrapy 2.11.0 started (bot: scrapybot)
2025-04-22 00:30:19 [scrapy.utils.log] INFO: Versions: lxml 5.3.2.0, libxml2 2.11.9, cssselect 1.3.0, parsel 1.10.0, w3lib 2.3.1, Twisted 22.10.0, Python 3.12.0 (tags/v3.12.0:0fb18b0, Oct  2 2023, 13:03:39) [MSC v.1935 64 bit (AMD64)], pyOpenSSL 25.0.0 (OpenSSL 3.4.1 11 Feb 2025), cryptography 44.0.2, Platform Windows-10-10.0.19045-SP0
2025-04-22 00:30:19 [scrapy.addons] INFO: Enabled addons:
[]
2025-04-22 00:30:19 [py.warnings] WARNING: C:\Users\Satia\Desktop\mirza\venv\Lib\site-packages\scrapy\utils\request.py:254: ScrapyDeprecationWarning: '2.6' is a deprecated value for the 'REQUEST_FINGERPRINTER_IMPLEMENTATION' setting.

It is also the default value. In other words, it is normal to get this warning if you have not defined a value for the 'REQUEST_FINGERPRINTER_IMPLEMENTATION' setting. This is so for backward compatibility reasons, but it will change in a future version of Scrapy.

See the documentation of the 'REQUEST_FINGERPRINTER_IMPLEMENTATION' setting for information on how to handle this deprecation.
  return cls(crawler)

2025-04-22 00:30:19 [scrapy.extensions.telnet] INFO: Telnet Password: d524d84c4df85d14
2025-04-22 00:30:20 [scrapy.middleware] INFO: Enabled extensions:
['scrapy.extensions.corestats.CoreStats',
 'scrapy.extensions.telnet.TelnetConsole',
 'scrapy.extensions.logstats.LogStats']
2025-04-22 00:30:20 [scrapy.crawler] INFO: Overridden settings:
{'CONCURRENT_REQUESTS': 5,
 'COOKIES_ENABLED': False,
 'DOWNLOADER_CLIENT_TLS_METHOD': 'TLSv1.2',
 'DOWNLOAD_DELAY': 2,
 'LOG_FILE': 'scrapy_output.log',
 'LOG_LEVEL': 'INFO',
 'USER_AGENT': 'Mozilla/5.0 (Windows NT 10.0; Win64; x64) AppleWebKit/537.36 '
               '(KHTML, like Gecko) Chrome/91.0.4472.124 Safari/537.36'}
2025-04-22 00:30:20 [scrapy.middleware] INFO: Enabled downloader middlewares:
['scrapy.downloadermiddlewares.httpauth.HttpAuthMiddleware',
 'scrapy.downloadermiddlewares.downloadtimeout.DownloadTimeoutMiddleware',
 'scrapy.downloadermiddlewares.defaultheaders.DefaultHeadersMiddleware',
 'scrapy.downloadermiddlewares.useragent.UserAgentMiddleware',
 'scrapy.downloadermiddlewares.retry.RetryMiddleware',
 'scrapy.downloadermiddlewares.redirect.MetaRefreshMiddleware',
 'scrapy.downloadermiddlewares.httpcompression.HttpCompressionMiddleware',
 'scrapy.downloadermiddlewares.redirect.RedirectMiddleware',
 'scrapy.downloadermiddlewares.httpproxy.HttpProxyMiddleware',
 'scrapy.downloadermiddlewares.stats.DownloaderStats']
2025-04-22 00:30:20 [scrapy.middleware] INFO: Enabled spider middlewares:
['scrapy.spidermiddlewares.httperror.HttpErrorMiddleware',
 'scrapy.spidermiddlewares.offsite.OffsiteMiddleware',
 'scrapy.spidermiddlewares.referer.RefererMiddleware',
 'scrapy.spidermiddlewares.urllength.UrlLengthMiddleware',
 'scrapy.spidermiddlewares.depth.DepthMiddleware']
2025-04-22 00:30:20 [scrapy.middleware] INFO: Enabled item pipelines:
[]
2025-04-22 00:30:20 [scrapy.core.engine] INFO: Spider opened
2025-04-22 00:30:20 [scrapy.extensions.logstats] INFO: Crawled 0 pages (at 0 pages/min), scraped 0 items (at 0 items/min)
2025-04-22 00:30:20 [scrapy.extensions.telnet] INFO: Telnet console listening on 127.0.0.1:6023
2025-04-22 00:30:23 [scrapy.core.engine] INFO: Closing spider (finished)
2025-04-22 00:30:23 [scrapy.statscollectors] INFO: Dumping Scrapy stats:
{'downloader/request_bytes': 582,
 'downloader/request_count': 2,
 'downloader/request_method_count/GET': 2,
 'downloader/response_bytes': 13070,
 'downloader/response_count': 2,
 'downloader/response_status_count/200': 1,
 'downloader/response_status_count/301': 1,
 'elapsed_time_seconds': 3.053137,
 'finish_reason': 'finished',
 'finish_time': datetime.datetime(2025, 4, 22, 7, 30, 23, 667980, tzinfo=datetime.timezone.utc),
 'httpcompression/response_bytes': 82017,
 'httpcompression/response_count': 1,
 'log_count/INFO': 10,
 'log_count/WARNING': 1,
 'response_received_count': 1,
 'scheduler/dequeued': 2,
 'scheduler/dequeued/memory': 2,
 'scheduler/enqueued': 2,
 'scheduler/enqueued/memory': 2,
 'start_time': datetime.datetime(2025, 4, 22, 7, 30, 20, 614843, tzinfo=datetime.timezone.utc)}
2025-04-22 00:30:23 [scrapy.core.engine] INFO: Spider closed (finished)
2025-04-22 00:30:46 [scrapy.utils.log] INFO: Scrapy 2.11.0 started (bot: scrapybot)
2025-04-22 00:30:46 [scrapy.utils.log] INFO: Versions: lxml 5.3.2.0, libxml2 2.11.9, cssselect 1.3.0, parsel 1.10.0, w3lib 2.3.1, Twisted 22.10.0, Python 3.12.0 (tags/v3.12.0:0fb18b0, Oct  2 2023, 13:03:39) [MSC v.1935 64 bit (AMD64)], pyOpenSSL 25.0.0 (OpenSSL 3.4.1 11 Feb 2025), cryptography 44.0.2, Platform Windows-10-10.0.19045-SP0
2025-04-22 00:30:46 [scrapy.addons] INFO: Enabled addons:
[]
2025-04-22 00:30:46 [py.warnings] WARNING: C:\Users\Satia\Desktop\mirza\venv\Lib\site-packages\scrapy\utils\request.py:254: ScrapyDeprecationWarning: '2.6' is a deprecated value for the 'REQUEST_FINGERPRINTER_IMPLEMENTATION' setting.

It is also the default value. In other words, it is normal to get this warning if you have not defined a value for the 'REQUEST_FINGERPRINTER_IMPLEMENTATION' setting. This is so for backward compatibility reasons, but it will change in a future version of Scrapy.

See the documentation of the 'REQUEST_FINGERPRINTER_IMPLEMENTATION' setting for information on how to handle this deprecation.
  return cls(crawler)

2025-04-22 00:30:46 [scrapy.extensions.telnet] INFO: Telnet Password: e7ed0a746ae87e18
2025-04-22 00:30:46 [scrapy.middleware] INFO: Enabled extensions:
['scrapy.extensions.corestats.CoreStats',
 'scrapy.extensions.telnet.TelnetConsole',
 'scrapy.extensions.logstats.LogStats']
2025-04-22 00:30:46 [scrapy.crawler] INFO: Overridden settings:
{'CONCURRENT_REQUESTS': 5,
 'COOKIES_ENABLED': False,
 'DOWNLOADER_CLIENT_TLS_METHOD': 'TLSv1.2',
 'DOWNLOAD_DELAY': 2,
 'LOG_FILE': 'scrapy_output.log',
 'LOG_LEVEL': 'INFO',
 'USER_AGENT': 'Mozilla/5.0 (Windows NT 10.0; Win64; x64) AppleWebKit/537.36 '
               '(KHTML, like Gecko) Chrome/91.0.4472.124 Safari/537.36'}
2025-04-22 00:30:46 [scrapy.middleware] INFO: Enabled downloader middlewares:
['scrapy.downloadermiddlewares.httpauth.HttpAuthMiddleware',
 'scrapy.downloadermiddlewares.downloadtimeout.DownloadTimeoutMiddleware',
 'scrapy.downloadermiddlewares.defaultheaders.DefaultHeadersMiddleware',
 'scrapy.downloadermiddlewares.useragent.UserAgentMiddleware',
 'scrapy.downloadermiddlewares.retry.RetryMiddleware',
 'scrapy.downloadermiddlewares.redirect.MetaRefreshMiddleware',
 'scrapy.downloadermiddlewares.httpcompression.HttpCompressionMiddleware',
 'scrapy.downloadermiddlewares.redirect.RedirectMiddleware',
 'scrapy.downloadermiddlewares.httpproxy.HttpProxyMiddleware',
 'scrapy.downloadermiddlewares.stats.DownloaderStats']
2025-04-22 00:30:46 [scrapy.middleware] INFO: Enabled spider middlewares:
['scrapy.spidermiddlewares.httperror.HttpErrorMiddleware',
 'scrapy.spidermiddlewares.offsite.OffsiteMiddleware',
 'scrapy.spidermiddlewares.referer.RefererMiddleware',
 'scrapy.spidermiddlewares.urllength.UrlLengthMiddleware',
 'scrapy.spidermiddlewares.depth.DepthMiddleware']
2025-04-22 00:30:46 [scrapy.middleware] INFO: Enabled item pipelines:
[]
2025-04-22 00:30:46 [scrapy.core.engine] INFO: Spider opened
2025-04-22 00:30:46 [scrapy.extensions.logstats] INFO: Crawled 0 pages (at 0 pages/min), scraped 0 items (at 0 items/min)
2025-04-22 00:30:46 [scrapy.extensions.telnet] INFO: Telnet console listening on 127.0.0.1:6023
2025-04-22 00:30:49 [scrapy.core.engine] INFO: Closing spider (finished)
2025-04-22 00:30:49 [scrapy.statscollectors] INFO: Dumping Scrapy stats:
{'downloader/request_bytes': 595,
 'downloader/request_count': 2,
 'downloader/request_method_count/GET': 2,
 'downloader/response_bytes': 12679,
 'downloader/response_count': 2,
 'downloader/response_status_count/200': 1,
 'downloader/response_status_count/301': 1,
 'elapsed_time_seconds': 2.787553,
 'finish_reason': 'finished',
 'finish_time': datetime.datetime(2025, 4, 22, 7, 30, 49, 392088, tzinfo=datetime.timezone.utc),
 'httpcompression/response_bytes': 83872,
 'httpcompression/response_count': 1,
 'log_count/INFO': 10,
 'log_count/WARNING': 1,
 'response_received_count': 1,
 'scheduler/dequeued': 2,
 'scheduler/dequeued/memory': 2,
 'scheduler/enqueued': 2,
 'scheduler/enqueued/memory': 2,
 'start_time': datetime.datetime(2025, 4, 22, 7, 30, 46, 604535, tzinfo=datetime.timezone.utc)}
2025-04-22 00:30:49 [scrapy.core.engine] INFO: Spider closed (finished)
2025-04-22 00:41:24 [scrapy.utils.log] INFO: Scrapy 2.11.0 started (bot: scrapybot)
2025-04-22 00:41:24 [scrapy.utils.log] INFO: Versions: lxml 5.3.2.0, libxml2 2.11.9, cssselect 1.3.0, parsel 1.10.0, w3lib 2.3.1, Twisted 22.10.0, Python 3.12.0 (tags/v3.12.0:0fb18b0, Oct  2 2023, 13:03:39) [MSC v.1935 64 bit (AMD64)], pyOpenSSL 25.0.0 (OpenSSL 3.4.1 11 Feb 2025), cryptography 44.0.2, Platform Windows-10-10.0.19045-SP0
2025-04-22 00:41:24 [scrapy.addons] INFO: Enabled addons:
[]
2025-04-22 00:41:24 [py.warnings] WARNING: C:\Users\Satia\Desktop\mirza\venv\Lib\site-packages\scrapy\utils\request.py:254: ScrapyDeprecationWarning: '2.6' is a deprecated value for the 'REQUEST_FINGERPRINTER_IMPLEMENTATION' setting.

It is also the default value. In other words, it is normal to get this warning if you have not defined a value for the 'REQUEST_FINGERPRINTER_IMPLEMENTATION' setting. This is so for backward compatibility reasons, but it will change in a future version of Scrapy.

See the documentation of the 'REQUEST_FINGERPRINTER_IMPLEMENTATION' setting for information on how to handle this deprecation.
  return cls(crawler)

2025-04-22 00:41:24 [scrapy.extensions.telnet] INFO: Telnet Password: 4c0f65ae91906c90
2025-04-22 00:41:24 [scrapy.middleware] INFO: Enabled extensions:
['scrapy.extensions.corestats.CoreStats',
 'scrapy.extensions.telnet.TelnetConsole',
 'scrapy.extensions.logstats.LogStats']
2025-04-22 00:41:24 [scrapy.crawler] INFO: Overridden settings:
{'CONCURRENT_REQUESTS': 5,
 'COOKIES_ENABLED': False,
 'DOWNLOADER_CLIENT_TLS_METHOD': 'TLSv1.2',
 'DOWNLOAD_DELAY': 2,
 'LOG_FILE': 'scrapy_output.log',
 'LOG_LEVEL': 'INFO',
 'USER_AGENT': 'Mozilla/5.0 (Windows NT 10.0; Win64; x64) AppleWebKit/537.36 '
               '(KHTML, like Gecko) Chrome/91.0.4472.124 Safari/537.36'}
2025-04-22 00:41:25 [scrapy.middleware] INFO: Enabled downloader middlewares:
['scrapy.downloadermiddlewares.httpauth.HttpAuthMiddleware',
 'scrapy.downloadermiddlewares.downloadtimeout.DownloadTimeoutMiddleware',
 'scrapy.downloadermiddlewares.defaultheaders.DefaultHeadersMiddleware',
 'scrapy.downloadermiddlewares.useragent.UserAgentMiddleware',
 'scrapy.downloadermiddlewares.retry.RetryMiddleware',
 'scrapy.downloadermiddlewares.redirect.MetaRefreshMiddleware',
 'scrapy.downloadermiddlewares.httpcompression.HttpCompressionMiddleware',
 'scrapy.downloadermiddlewares.redirect.RedirectMiddleware',
 'scrapy.downloadermiddlewares.httpproxy.HttpProxyMiddleware',
 'scrapy.downloadermiddlewares.stats.DownloaderStats']
2025-04-22 00:41:25 [scrapy.middleware] INFO: Enabled spider middlewares:
['scrapy.spidermiddlewares.httperror.HttpErrorMiddleware',
 'scrapy.spidermiddlewares.offsite.OffsiteMiddleware',
 'scrapy.spidermiddlewares.referer.RefererMiddleware',
 'scrapy.spidermiddlewares.urllength.UrlLengthMiddleware',
 'scrapy.spidermiddlewares.depth.DepthMiddleware']
2025-04-22 00:41:25 [scrapy.middleware] INFO: Enabled item pipelines:
[]
2025-04-22 00:41:25 [scrapy.core.engine] INFO: Spider opened
2025-04-22 00:41:25 [scrapy.extensions.logstats] INFO: Crawled 0 pages (at 0 pages/min), scraped 0 items (at 0 items/min)
2025-04-22 00:41:25 [scrapy.extensions.telnet] INFO: Telnet console listening on 127.0.0.1:6023
2025-04-22 00:41:28 [scrapy.core.engine] INFO: Closing spider (finished)
2025-04-22 00:41:28 [scrapy.statscollectors] INFO: Dumping Scrapy stats:
{'downloader/request_bytes': 582,
 'downloader/request_count': 2,
 'downloader/request_method_count/GET': 2,
 'downloader/response_bytes': 13070,
 'downloader/response_count': 2,
 'downloader/response_status_count/200': 1,
 'downloader/response_status_count/301': 1,
 'elapsed_time_seconds': 2.801122,
 'finish_reason': 'finished',
 'finish_time': datetime.datetime(2025, 4, 22, 7, 41, 28, 150463, tzinfo=datetime.timezone.utc),
 'httpcompression/response_bytes': 82017,
 'httpcompression/response_count': 1,
 'log_count/INFO': 10,
 'log_count/WARNING': 1,
 'response_received_count': 1,
 'scheduler/dequeued': 2,
 'scheduler/dequeued/memory': 2,
 'scheduler/enqueued': 2,
 'scheduler/enqueued/memory': 2,
 'start_time': datetime.datetime(2025, 4, 22, 7, 41, 25, 349341, tzinfo=datetime.timezone.utc)}
2025-04-22 00:41:28 [scrapy.core.engine] INFO: Spider closed (finished)
2025-04-22 00:45:16 [scrapy.utils.log] INFO: Scrapy 2.11.0 started (bot: scrapybot)
2025-04-22 00:45:16 [scrapy.utils.log] INFO: Versions: lxml 5.3.2.0, libxml2 2.11.9, cssselect 1.3.0, parsel 1.10.0, w3lib 2.3.1, Twisted 22.10.0, Python 3.12.0 (tags/v3.12.0:0fb18b0, Oct  2 2023, 13:03:39) [MSC v.1935 64 bit (AMD64)], pyOpenSSL 25.0.0 (OpenSSL 3.4.1 11 Feb 2025), cryptography 44.0.2, Platform Windows-10-10.0.19045-SP0
2025-04-22 00:45:16 [scrapy.addons] INFO: Enabled addons:
[]
2025-04-22 00:45:16 [py.warnings] WARNING: C:\Users\Satia\Desktop\mirza\venv\Lib\site-packages\scrapy\utils\request.py:254: ScrapyDeprecationWarning: '2.6' is a deprecated value for the 'REQUEST_FINGERPRINTER_IMPLEMENTATION' setting.

It is also the default value. In other words, it is normal to get this warning if you have not defined a value for the 'REQUEST_FINGERPRINTER_IMPLEMENTATION' setting. This is so for backward compatibility reasons, but it will change in a future version of Scrapy.

See the documentation of the 'REQUEST_FINGERPRINTER_IMPLEMENTATION' setting for information on how to handle this deprecation.
  return cls(crawler)

2025-04-22 00:45:16 [scrapy.extensions.telnet] INFO: Telnet Password: 9683d1900ba5c425
2025-04-22 00:45:16 [scrapy.middleware] INFO: Enabled extensions:
['scrapy.extensions.corestats.CoreStats',
 'scrapy.extensions.telnet.TelnetConsole',
 'scrapy.extensions.logstats.LogStats']
2025-04-22 00:45:16 [scrapy.crawler] INFO: Overridden settings:
{'CONCURRENT_REQUESTS': 5,
 'COOKIES_ENABLED': False,
 'DOWNLOADER_CLIENT_TLS_METHOD': 'TLSv1.2',
 'DOWNLOAD_DELAY': 2,
 'LOG_FILE': 'scrapy_output.log',
 'LOG_LEVEL': 'INFO',
 'USER_AGENT': 'Mozilla/5.0 (Windows NT 10.0; Win64; x64) AppleWebKit/537.36 '
               '(KHTML, like Gecko) Chrome/91.0.4472.124 Safari/537.36'}
2025-04-22 00:45:16 [scrapy.middleware] INFO: Enabled downloader middlewares:
['scrapy.downloadermiddlewares.httpauth.HttpAuthMiddleware',
 'scrapy.downloadermiddlewares.downloadtimeout.DownloadTimeoutMiddleware',
 'scrapy.downloadermiddlewares.defaultheaders.DefaultHeadersMiddleware',
 'scrapy.downloadermiddlewares.useragent.UserAgentMiddleware',
 'scrapy.downloadermiddlewares.retry.RetryMiddleware',
 'scrapy.downloadermiddlewares.redirect.MetaRefreshMiddleware',
 'scrapy.downloadermiddlewares.httpcompression.HttpCompressionMiddleware',
 'scrapy.downloadermiddlewares.redirect.RedirectMiddleware',
 'scrapy.downloadermiddlewares.httpproxy.HttpProxyMiddleware',
 'scrapy.downloadermiddlewares.stats.DownloaderStats']
2025-04-22 00:45:16 [scrapy.middleware] INFO: Enabled spider middlewares:
['scrapy.spidermiddlewares.httperror.HttpErrorMiddleware',
 'scrapy.spidermiddlewares.offsite.OffsiteMiddleware',
 'scrapy.spidermiddlewares.referer.RefererMiddleware',
 'scrapy.spidermiddlewares.urllength.UrlLengthMiddleware',
 'scrapy.spidermiddlewares.depth.DepthMiddleware']
2025-04-22 00:45:16 [scrapy.middleware] INFO: Enabled item pipelines:
[]
2025-04-22 00:45:16 [scrapy.core.engine] INFO: Spider opened
2025-04-22 00:45:16 [scrapy.extensions.logstats] INFO: Crawled 0 pages (at 0 pages/min), scraped 0 items (at 0 items/min)
2025-04-22 00:45:16 [scrapy.extensions.telnet] INFO: Telnet console listening on 127.0.0.1:6023
2025-04-22 00:45:19 [scrapy.core.engine] INFO: Closing spider (finished)
2025-04-22 00:45:19 [scrapy.statscollectors] INFO: Dumping Scrapy stats:
{'downloader/request_bytes': 582,
 'downloader/request_count': 2,
 'downloader/request_method_count/GET': 2,
 'downloader/response_bytes': 13070,
 'downloader/response_count': 2,
 'downloader/response_status_count/200': 1,
 'downloader/response_status_count/301': 1,
 'elapsed_time_seconds': 2.814789,
 'finish_reason': 'finished',
 'finish_time': datetime.datetime(2025, 4, 22, 7, 45, 19, 801847, tzinfo=datetime.timezone.utc),
 'httpcompression/response_bytes': 82017,
 'httpcompression/response_count': 1,
 'log_count/INFO': 10,
 'log_count/WARNING': 1,
 'response_received_count': 1,
 'scheduler/dequeued': 2,
 'scheduler/dequeued/memory': 2,
 'scheduler/enqueued': 2,
 'scheduler/enqueued/memory': 2,
 'start_time': datetime.datetime(2025, 4, 22, 7, 45, 16, 987058, tzinfo=datetime.timezone.utc)}
2025-04-22 00:45:19 [scrapy.core.engine] INFO: Spider closed (finished)
2025-04-22 00:45:20 [scrapy.utils.log] INFO: Scrapy 2.11.0 started (bot: scrapybot)
2025-04-22 00:45:20 [scrapy.utils.log] INFO: Versions: lxml 5.3.2.0, libxml2 2.11.9, cssselect 1.3.0, parsel 1.10.0, w3lib 2.3.1, Twisted 22.10.0, Python 3.12.0 (tags/v3.12.0:0fb18b0, Oct  2 2023, 13:03:39) [MSC v.1935 64 bit (AMD64)], pyOpenSSL 25.0.0 (OpenSSL 3.4.1 11 Feb 2025), cryptography 44.0.2, Platform Windows-10-10.0.19045-SP0
2025-04-22 00:45:20 [scrapy.addons] INFO: Enabled addons:
[]
2025-04-22 00:45:20 [py.warnings] WARNING: C:\Users\Satia\Desktop\mirza\venv\Lib\site-packages\scrapy\utils\request.py:254: ScrapyDeprecationWarning: '2.6' is a deprecated value for the 'REQUEST_FINGERPRINTER_IMPLEMENTATION' setting.

It is also the default value. In other words, it is normal to get this warning if you have not defined a value for the 'REQUEST_FINGERPRINTER_IMPLEMENTATION' setting. This is so for backward compatibility reasons, but it will change in a future version of Scrapy.

See the documentation of the 'REQUEST_FINGERPRINTER_IMPLEMENTATION' setting for information on how to handle this deprecation.
  return cls(crawler)

2025-04-22 00:45:20 [scrapy.extensions.telnet] INFO: Telnet Password: b501c60a16becd2d
2025-04-22 00:45:20 [scrapy.middleware] INFO: Enabled extensions:
['scrapy.extensions.corestats.CoreStats',
 'scrapy.extensions.telnet.TelnetConsole',
 'scrapy.extensions.logstats.LogStats']
2025-04-22 00:45:20 [scrapy.crawler] INFO: Overridden settings:
{'CONCURRENT_REQUESTS': 5,
 'COOKIES_ENABLED': False,
 'DOWNLOADER_CLIENT_TLS_METHOD': 'TLSv1.2',
 'DOWNLOAD_DELAY': 2,
 'LOG_FILE': 'scrapy_output.log',
 'LOG_LEVEL': 'INFO',
 'USER_AGENT': 'Mozilla/5.0 (Windows NT 10.0; Win64; x64) AppleWebKit/537.36 '
               '(KHTML, like Gecko) Chrome/91.0.4472.124 Safari/537.36'}
2025-04-22 00:45:21 [scrapy.middleware] INFO: Enabled downloader middlewares:
['scrapy.downloadermiddlewares.httpauth.HttpAuthMiddleware',
 'scrapy.downloadermiddlewares.downloadtimeout.DownloadTimeoutMiddleware',
 'scrapy.downloadermiddlewares.defaultheaders.DefaultHeadersMiddleware',
 'scrapy.downloadermiddlewares.useragent.UserAgentMiddleware',
 'scrapy.downloadermiddlewares.retry.RetryMiddleware',
 'scrapy.downloadermiddlewares.redirect.MetaRefreshMiddleware',
 'scrapy.downloadermiddlewares.httpcompression.HttpCompressionMiddleware',
 'scrapy.downloadermiddlewares.redirect.RedirectMiddleware',
 'scrapy.downloadermiddlewares.httpproxy.HttpProxyMiddleware',
 'scrapy.downloadermiddlewares.stats.DownloaderStats']
2025-04-22 00:45:21 [scrapy.middleware] INFO: Enabled spider middlewares:
['scrapy.spidermiddlewares.httperror.HttpErrorMiddleware',
 'scrapy.spidermiddlewares.offsite.OffsiteMiddleware',
 'scrapy.spidermiddlewares.referer.RefererMiddleware',
 'scrapy.spidermiddlewares.urllength.UrlLengthMiddleware',
 'scrapy.spidermiddlewares.depth.DepthMiddleware']
2025-04-22 00:45:21 [scrapy.middleware] INFO: Enabled item pipelines:
[]
2025-04-22 00:45:21 [scrapy.core.engine] INFO: Spider opened
2025-04-22 00:45:21 [scrapy.extensions.logstats] INFO: Crawled 0 pages (at 0 pages/min), scraped 0 items (at 0 items/min)
2025-04-22 00:45:21 [scrapy.extensions.telnet] INFO: Telnet console listening on 127.0.0.1:6023
2025-04-22 00:45:26 [scrapy.core.engine] INFO: Closing spider (finished)
2025-04-22 00:45:26 [scrapy.statscollectors] INFO: Dumping Scrapy stats:
{'downloader/request_bytes': 890,
 'downloader/request_count': 3,
 'downloader/request_method_count/GET': 3,
 'downloader/response_bytes': 13152,
 'downloader/response_count': 3,
 'downloader/response_status_count/200': 1,
 'downloader/response_status_count/301': 1,
 'downloader/response_status_count/302': 1,
 'elapsed_time_seconds': 5.362584,
 'finish_reason': 'finished',
 'finish_time': datetime.datetime(2025, 4, 22, 7, 45, 26, 748681, tzinfo=datetime.timezone.utc),
 'httpcompression/response_bytes': 83872,
 'httpcompression/response_count': 1,
 'log_count/INFO': 10,
 'log_count/WARNING': 1,
 'response_received_count': 1,
 'scheduler/dequeued': 3,
 'scheduler/dequeued/memory': 3,
 'scheduler/enqueued': 3,
 'scheduler/enqueued/memory': 3,
 'start_time': datetime.datetime(2025, 4, 22, 7, 45, 21, 386097, tzinfo=datetime.timezone.utc)}
2025-04-22 00:45:26 [scrapy.core.engine] INFO: Spider closed (finished)
2025-04-22 00:45:27 [scrapy.utils.log] INFO: Scrapy 2.11.0 started (bot: scrapybot)
2025-04-22 00:45:27 [scrapy.utils.log] INFO: Versions: lxml 5.3.2.0, libxml2 2.11.9, cssselect 1.3.0, parsel 1.10.0, w3lib 2.3.1, Twisted 22.10.0, Python 3.12.0 (tags/v3.12.0:0fb18b0, Oct  2 2023, 13:03:39) [MSC v.1935 64 bit (AMD64)], pyOpenSSL 25.0.0 (OpenSSL 3.4.1 11 Feb 2025), cryptography 44.0.2, Platform Windows-10-10.0.19045-SP0
2025-04-22 00:45:27 [scrapy.addons] INFO: Enabled addons:
[]
2025-04-22 00:45:27 [py.warnings] WARNING: C:\Users\Satia\Desktop\mirza\venv\Lib\site-packages\scrapy\utils\request.py:254: ScrapyDeprecationWarning: '2.6' is a deprecated value for the 'REQUEST_FINGERPRINTER_IMPLEMENTATION' setting.

It is also the default value. In other words, it is normal to get this warning if you have not defined a value for the 'REQUEST_FINGERPRINTER_IMPLEMENTATION' setting. This is so for backward compatibility reasons, but it will change in a future version of Scrapy.

See the documentation of the 'REQUEST_FINGERPRINTER_IMPLEMENTATION' setting for information on how to handle this deprecation.
  return cls(crawler)

2025-04-22 00:45:27 [scrapy.extensions.telnet] INFO: Telnet Password: 554ae6287d82125b
2025-04-22 00:45:27 [scrapy.middleware] INFO: Enabled extensions:
['scrapy.extensions.corestats.CoreStats',
 'scrapy.extensions.telnet.TelnetConsole',
 'scrapy.extensions.logstats.LogStats']
2025-04-22 00:45:27 [scrapy.crawler] INFO: Overridden settings:
{'CONCURRENT_REQUESTS': 5,
 'COOKIES_ENABLED': False,
 'DOWNLOADER_CLIENT_TLS_METHOD': 'TLSv1.2',
 'DOWNLOAD_DELAY': 2,
 'LOG_FILE': 'scrapy_output.log',
 'LOG_LEVEL': 'INFO',
 'USER_AGENT': 'Mozilla/5.0 (Windows NT 10.0; Win64; x64) AppleWebKit/537.36 '
               '(KHTML, like Gecko) Chrome/91.0.4472.124 Safari/537.36'}
2025-04-22 00:45:28 [scrapy.middleware] INFO: Enabled downloader middlewares:
['scrapy.downloadermiddlewares.httpauth.HttpAuthMiddleware',
 'scrapy.downloadermiddlewares.downloadtimeout.DownloadTimeoutMiddleware',
 'scrapy.downloadermiddlewares.defaultheaders.DefaultHeadersMiddleware',
 'scrapy.downloadermiddlewares.useragent.UserAgentMiddleware',
 'scrapy.downloadermiddlewares.retry.RetryMiddleware',
 'scrapy.downloadermiddlewares.redirect.MetaRefreshMiddleware',
 'scrapy.downloadermiddlewares.httpcompression.HttpCompressionMiddleware',
 'scrapy.downloadermiddlewares.redirect.RedirectMiddleware',
 'scrapy.downloadermiddlewares.httpproxy.HttpProxyMiddleware',
 'scrapy.downloadermiddlewares.stats.DownloaderStats']
2025-04-22 00:45:28 [scrapy.middleware] INFO: Enabled spider middlewares:
['scrapy.spidermiddlewares.httperror.HttpErrorMiddleware',
 'scrapy.spidermiddlewares.offsite.OffsiteMiddleware',
 'scrapy.spidermiddlewares.referer.RefererMiddleware',
 'scrapy.spidermiddlewares.urllength.UrlLengthMiddleware',
 'scrapy.spidermiddlewares.depth.DepthMiddleware']
2025-04-22 00:45:28 [scrapy.middleware] INFO: Enabled item pipelines:
[]
2025-04-22 00:45:28 [scrapy.core.engine] INFO: Spider opened
2025-04-22 00:45:28 [scrapy.extensions.logstats] INFO: Crawled 0 pages (at 0 pages/min), scraped 0 items (at 0 items/min)
2025-04-22 00:45:28 [scrapy.extensions.telnet] INFO: Telnet console listening on 127.0.0.1:6023
2025-04-22 00:45:33 [scrapy.core.engine] INFO: Closing spider (finished)
2025-04-22 00:45:33 [scrapy.statscollectors] INFO: Dumping Scrapy stats:
{'downloader/request_bytes': 902,
 'downloader/request_count': 3,
 'downloader/request_method_count/GET': 3,
 'downloader/response_bytes': 12522,
 'downloader/response_count': 3,
 'downloader/response_status_count/200': 1,
 'downloader/response_status_count/301': 1,
 'downloader/response_status_count/302': 1,
 'elapsed_time_seconds': 5.097322,
 'finish_reason': 'finished',
 'finish_time': datetime.datetime(2025, 4, 22, 7, 45, 33, 319671, tzinfo=datetime.timezone.utc),
 'httpcompression/response_bytes': 75225,
 'httpcompression/response_count': 1,
 'log_count/INFO': 10,
 'log_count/WARNING': 1,
 'response_received_count': 1,
 'scheduler/dequeued': 3,
 'scheduler/dequeued/memory': 3,
 'scheduler/enqueued': 3,
 'scheduler/enqueued/memory': 3,
 'start_time': datetime.datetime(2025, 4, 22, 7, 45, 28, 222349, tzinfo=datetime.timezone.utc)}
2025-04-22 00:45:33 [scrapy.core.engine] INFO: Spider closed (finished)
2025-04-22 00:47:07 [scrapy.utils.log] INFO: Scrapy 2.11.0 started (bot: scrapybot)
2025-04-22 00:47:07 [scrapy.utils.log] INFO: Versions: lxml 5.3.2.0, libxml2 2.11.9, cssselect 1.3.0, parsel 1.10.0, w3lib 2.3.1, Twisted 22.10.0, Python 3.12.0 (tags/v3.12.0:0fb18b0, Oct  2 2023, 13:03:39) [MSC v.1935 64 bit (AMD64)], pyOpenSSL 25.0.0 (OpenSSL 3.4.1 11 Feb 2025), cryptography 44.0.2, Platform Windows-10-10.0.19045-SP0
2025-04-22 00:47:07 [scrapy.addons] INFO: Enabled addons:
[]
2025-04-22 00:47:07 [py.warnings] WARNING: C:\Users\Satia\Desktop\mirza\venv\Lib\site-packages\scrapy\utils\request.py:254: ScrapyDeprecationWarning: '2.6' is a deprecated value for the 'REQUEST_FINGERPRINTER_IMPLEMENTATION' setting.

It is also the default value. In other words, it is normal to get this warning if you have not defined a value for the 'REQUEST_FINGERPRINTER_IMPLEMENTATION' setting. This is so for backward compatibility reasons, but it will change in a future version of Scrapy.

See the documentation of the 'REQUEST_FINGERPRINTER_IMPLEMENTATION' setting for information on how to handle this deprecation.
  return cls(crawler)

2025-04-22 00:47:07 [scrapy.extensions.telnet] INFO: Telnet Password: 3423369aea722d10
2025-04-22 00:47:07 [scrapy.middleware] INFO: Enabled extensions:
['scrapy.extensions.corestats.CoreStats',
 'scrapy.extensions.telnet.TelnetConsole',
 'scrapy.extensions.logstats.LogStats']
2025-04-22 00:47:07 [scrapy.crawler] INFO: Overridden settings:
{'CONCURRENT_REQUESTS': 5,
 'COOKIES_ENABLED': False,
 'DOWNLOADER_CLIENT_TLS_METHOD': 'TLSv1.2',
 'DOWNLOAD_DELAY': 2,
 'LOG_FILE': 'scrapy_output.log',
 'LOG_LEVEL': 'INFO',
 'USER_AGENT': 'Mozilla/5.0 (Windows NT 10.0; Win64; x64) AppleWebKit/537.36 '
               '(KHTML, like Gecko) Chrome/91.0.4472.124 Safari/537.36'}
2025-04-22 00:47:08 [scrapy.middleware] INFO: Enabled downloader middlewares:
['scrapy.downloadermiddlewares.httpauth.HttpAuthMiddleware',
 'scrapy.downloadermiddlewares.downloadtimeout.DownloadTimeoutMiddleware',
 'scrapy.downloadermiddlewares.defaultheaders.DefaultHeadersMiddleware',
 'scrapy.downloadermiddlewares.useragent.UserAgentMiddleware',
 'scrapy.downloadermiddlewares.retry.RetryMiddleware',
 'scrapy.downloadermiddlewares.redirect.MetaRefreshMiddleware',
 'scrapy.downloadermiddlewares.httpcompression.HttpCompressionMiddleware',
 'scrapy.downloadermiddlewares.redirect.RedirectMiddleware',
 'scrapy.downloadermiddlewares.httpproxy.HttpProxyMiddleware',
 'scrapy.downloadermiddlewares.stats.DownloaderStats']
2025-04-22 00:47:08 [scrapy.middleware] INFO: Enabled spider middlewares:
['scrapy.spidermiddlewares.httperror.HttpErrorMiddleware',
 'scrapy.spidermiddlewares.offsite.OffsiteMiddleware',
 'scrapy.spidermiddlewares.referer.RefererMiddleware',
 'scrapy.spidermiddlewares.urllength.UrlLengthMiddleware',
 'scrapy.spidermiddlewares.depth.DepthMiddleware']
2025-04-22 00:47:08 [scrapy.middleware] INFO: Enabled item pipelines:
[]
2025-04-22 00:47:08 [scrapy.core.engine] INFO: Spider opened
2025-04-22 00:47:08 [scrapy.extensions.logstats] INFO: Crawled 0 pages (at 0 pages/min), scraped 0 items (at 0 items/min)
2025-04-22 00:47:08 [scrapy.extensions.telnet] INFO: Telnet console listening on 127.0.0.1:6023
2025-04-22 00:47:10 [scrapy.core.engine] INFO: Closing spider (finished)
2025-04-22 00:47:10 [scrapy.statscollectors] INFO: Dumping Scrapy stats:
{'downloader/request_bytes': 582,
 'downloader/request_count': 2,
 'downloader/request_method_count/GET': 2,
 'downloader/response_bytes': 13070,
 'downloader/response_count': 2,
 'downloader/response_status_count/200': 1,
 'downloader/response_status_count/301': 1,
 'elapsed_time_seconds': 2.851447,
 'finish_reason': 'finished',
 'finish_time': datetime.datetime(2025, 4, 22, 7, 47, 10, 965692, tzinfo=datetime.timezone.utc),
 'httpcompression/response_bytes': 82017,
 'httpcompression/response_count': 1,
 'log_count/INFO': 10,
 'log_count/WARNING': 1,
 'response_received_count': 1,
 'scheduler/dequeued': 2,
 'scheduler/dequeued/memory': 2,
 'scheduler/enqueued': 2,
 'scheduler/enqueued/memory': 2,
 'start_time': datetime.datetime(2025, 4, 22, 7, 47, 8, 114245, tzinfo=datetime.timezone.utc)}
2025-04-22 00:47:10 [scrapy.core.engine] INFO: Spider closed (finished)
2025-04-22 00:47:11 [scrapy.utils.log] INFO: Scrapy 2.11.0 started (bot: scrapybot)
2025-04-22 00:47:11 [scrapy.utils.log] INFO: Versions: lxml 5.3.2.0, libxml2 2.11.9, cssselect 1.3.0, parsel 1.10.0, w3lib 2.3.1, Twisted 22.10.0, Python 3.12.0 (tags/v3.12.0:0fb18b0, Oct  2 2023, 13:03:39) [MSC v.1935 64 bit (AMD64)], pyOpenSSL 25.0.0 (OpenSSL 3.4.1 11 Feb 2025), cryptography 44.0.2, Platform Windows-10-10.0.19045-SP0
2025-04-22 00:47:11 [scrapy.addons] INFO: Enabled addons:
[]
2025-04-22 00:47:11 [py.warnings] WARNING: C:\Users\Satia\Desktop\mirza\venv\Lib\site-packages\scrapy\utils\request.py:254: ScrapyDeprecationWarning: '2.6' is a deprecated value for the 'REQUEST_FINGERPRINTER_IMPLEMENTATION' setting.

It is also the default value. In other words, it is normal to get this warning if you have not defined a value for the 'REQUEST_FINGERPRINTER_IMPLEMENTATION' setting. This is so for backward compatibility reasons, but it will change in a future version of Scrapy.

See the documentation of the 'REQUEST_FINGERPRINTER_IMPLEMENTATION' setting for information on how to handle this deprecation.
  return cls(crawler)

2025-04-22 00:47:11 [scrapy.extensions.telnet] INFO: Telnet Password: 04617d3a9fffd7ac
2025-04-22 00:47:12 [scrapy.middleware] INFO: Enabled extensions:
['scrapy.extensions.corestats.CoreStats',
 'scrapy.extensions.telnet.TelnetConsole',
 'scrapy.extensions.logstats.LogStats']
2025-04-22 00:47:12 [scrapy.crawler] INFO: Overridden settings:
{'CONCURRENT_REQUESTS': 5,
 'COOKIES_ENABLED': False,
 'DOWNLOADER_CLIENT_TLS_METHOD': 'TLSv1.2',
 'DOWNLOAD_DELAY': 2,
 'LOG_FILE': 'scrapy_output.log',
 'LOG_LEVEL': 'INFO',
 'USER_AGENT': 'Mozilla/5.0 (Windows NT 10.0; Win64; x64) AppleWebKit/537.36 '
               '(KHTML, like Gecko) Chrome/91.0.4472.124 Safari/537.36'}
2025-04-22 00:47:12 [scrapy.middleware] INFO: Enabled downloader middlewares:
['scrapy.downloadermiddlewares.httpauth.HttpAuthMiddleware',
 'scrapy.downloadermiddlewares.downloadtimeout.DownloadTimeoutMiddleware',
 'scrapy.downloadermiddlewares.defaultheaders.DefaultHeadersMiddleware',
 'scrapy.downloadermiddlewares.useragent.UserAgentMiddleware',
 'scrapy.downloadermiddlewares.retry.RetryMiddleware',
 'scrapy.downloadermiddlewares.redirect.MetaRefreshMiddleware',
 'scrapy.downloadermiddlewares.httpcompression.HttpCompressionMiddleware',
 'scrapy.downloadermiddlewares.redirect.RedirectMiddleware',
 'scrapy.downloadermiddlewares.httpproxy.HttpProxyMiddleware',
 'scrapy.downloadermiddlewares.stats.DownloaderStats']
2025-04-22 00:47:12 [scrapy.middleware] INFO: Enabled spider middlewares:
['scrapy.spidermiddlewares.httperror.HttpErrorMiddleware',
 'scrapy.spidermiddlewares.offsite.OffsiteMiddleware',
 'scrapy.spidermiddlewares.referer.RefererMiddleware',
 'scrapy.spidermiddlewares.urllength.UrlLengthMiddleware',
 'scrapy.spidermiddlewares.depth.DepthMiddleware']
2025-04-22 00:47:12 [scrapy.middleware] INFO: Enabled item pipelines:
[]
2025-04-22 00:47:12 [scrapy.core.engine] INFO: Spider opened
2025-04-22 00:47:12 [scrapy.extensions.logstats] INFO: Crawled 0 pages (at 0 pages/min), scraped 0 items (at 0 items/min)
2025-04-22 00:47:12 [scrapy.extensions.telnet] INFO: Telnet console listening on 127.0.0.1:6023
2025-04-22 00:47:18 [scrapy.core.engine] INFO: Closing spider (finished)
2025-04-22 00:47:18 [scrapy.statscollectors] INFO: Dumping Scrapy stats:
{'downloader/request_bytes': 890,
 'downloader/request_count': 3,
 'downloader/request_method_count/GET': 3,
 'downloader/response_bytes': 13152,
 'downloader/response_count': 3,
 'downloader/response_status_count/200': 1,
 'downloader/response_status_count/301': 1,
 'downloader/response_status_count/302': 1,
 'elapsed_time_seconds': 5.505542,
 'finish_reason': 'finished',
 'finish_time': datetime.datetime(2025, 4, 22, 7, 47, 18, 65685, tzinfo=datetime.timezone.utc),
 'httpcompression/response_bytes': 83872,
 'httpcompression/response_count': 1,
 'log_count/INFO': 10,
 'log_count/WARNING': 1,
 'response_received_count': 1,
 'scheduler/dequeued': 3,
 'scheduler/dequeued/memory': 3,
 'scheduler/enqueued': 3,
 'scheduler/enqueued/memory': 3,
 'start_time': datetime.datetime(2025, 4, 22, 7, 47, 12, 560143, tzinfo=datetime.timezone.utc)}
2025-04-22 00:47:18 [scrapy.core.engine] INFO: Spider closed (finished)
2025-04-22 00:47:18 [scrapy.utils.log] INFO: Scrapy 2.11.0 started (bot: scrapybot)
2025-04-22 00:47:18 [scrapy.utils.log] INFO: Versions: lxml 5.3.2.0, libxml2 2.11.9, cssselect 1.3.0, parsel 1.10.0, w3lib 2.3.1, Twisted 22.10.0, Python 3.12.0 (tags/v3.12.0:0fb18b0, Oct  2 2023, 13:03:39) [MSC v.1935 64 bit (AMD64)], pyOpenSSL 25.0.0 (OpenSSL 3.4.1 11 Feb 2025), cryptography 44.0.2, Platform Windows-10-10.0.19045-SP0
2025-04-22 00:47:18 [scrapy.addons] INFO: Enabled addons:
[]
2025-04-22 00:47:18 [py.warnings] WARNING: C:\Users\Satia\Desktop\mirza\venv\Lib\site-packages\scrapy\utils\request.py:254: ScrapyDeprecationWarning: '2.6' is a deprecated value for the 'REQUEST_FINGERPRINTER_IMPLEMENTATION' setting.

It is also the default value. In other words, it is normal to get this warning if you have not defined a value for the 'REQUEST_FINGERPRINTER_IMPLEMENTATION' setting. This is so for backward compatibility reasons, but it will change in a future version of Scrapy.

See the documentation of the 'REQUEST_FINGERPRINTER_IMPLEMENTATION' setting for information on how to handle this deprecation.
  return cls(crawler)

2025-04-22 00:47:18 [scrapy.extensions.telnet] INFO: Telnet Password: 5d5842f60f9455b0
2025-04-22 00:47:19 [scrapy.middleware] INFO: Enabled extensions:
['scrapy.extensions.corestats.CoreStats',
 'scrapy.extensions.telnet.TelnetConsole',
 'scrapy.extensions.logstats.LogStats']
2025-04-22 00:47:19 [scrapy.crawler] INFO: Overridden settings:
{'CONCURRENT_REQUESTS': 5,
 'COOKIES_ENABLED': False,
 'DOWNLOADER_CLIENT_TLS_METHOD': 'TLSv1.2',
 'DOWNLOAD_DELAY': 2,
 'LOG_FILE': 'scrapy_output.log',
 'LOG_LEVEL': 'INFO',
 'USER_AGENT': 'Mozilla/5.0 (Windows NT 10.0; Win64; x64) AppleWebKit/537.36 '
               '(KHTML, like Gecko) Chrome/91.0.4472.124 Safari/537.36'}
2025-04-22 00:47:19 [scrapy.middleware] INFO: Enabled downloader middlewares:
['scrapy.downloadermiddlewares.httpauth.HttpAuthMiddleware',
 'scrapy.downloadermiddlewares.downloadtimeout.DownloadTimeoutMiddleware',
 'scrapy.downloadermiddlewares.defaultheaders.DefaultHeadersMiddleware',
 'scrapy.downloadermiddlewares.useragent.UserAgentMiddleware',
 'scrapy.downloadermiddlewares.retry.RetryMiddleware',
 'scrapy.downloadermiddlewares.redirect.MetaRefreshMiddleware',
 'scrapy.downloadermiddlewares.httpcompression.HttpCompressionMiddleware',
 'scrapy.downloadermiddlewares.redirect.RedirectMiddleware',
 'scrapy.downloadermiddlewares.httpproxy.HttpProxyMiddleware',
 'scrapy.downloadermiddlewares.stats.DownloaderStats']
2025-04-22 00:47:19 [scrapy.middleware] INFO: Enabled spider middlewares:
['scrapy.spidermiddlewares.httperror.HttpErrorMiddleware',
 'scrapy.spidermiddlewares.offsite.OffsiteMiddleware',
 'scrapy.spidermiddlewares.referer.RefererMiddleware',
 'scrapy.spidermiddlewares.urllength.UrlLengthMiddleware',
 'scrapy.spidermiddlewares.depth.DepthMiddleware']
2025-04-22 00:47:19 [scrapy.middleware] INFO: Enabled item pipelines:
[]
2025-04-22 00:47:19 [scrapy.core.engine] INFO: Spider opened
2025-04-22 00:47:19 [scrapy.extensions.logstats] INFO: Crawled 0 pages (at 0 pages/min), scraped 0 items (at 0 items/min)
2025-04-22 00:47:19 [scrapy.extensions.telnet] INFO: Telnet console listening on 127.0.0.1:6023
2025-04-22 00:47:24 [scrapy.core.engine] INFO: Closing spider (finished)
2025-04-22 00:47:24 [scrapy.statscollectors] INFO: Dumping Scrapy stats:
{'downloader/request_bytes': 902,
 'downloader/request_count': 3,
 'downloader/request_method_count/GET': 3,
 'downloader/response_bytes': 12522,
 'downloader/response_count': 3,
 'downloader/response_status_count/200': 1,
 'downloader/response_status_count/301': 1,
 'downloader/response_status_count/302': 1,
 'elapsed_time_seconds': 4.962313,
 'finish_reason': 'finished',
 'finish_time': datetime.datetime(2025, 4, 22, 7, 47, 24, 483490, tzinfo=datetime.timezone.utc),
 'httpcompression/response_bytes': 75225,
 'httpcompression/response_count': 1,
 'log_count/INFO': 10,
 'log_count/WARNING': 1,
 'response_received_count': 1,
 'scheduler/dequeued': 3,
 'scheduler/dequeued/memory': 3,
 'scheduler/enqueued': 3,
 'scheduler/enqueued/memory': 3,
 'start_time': datetime.datetime(2025, 4, 22, 7, 47, 19, 521177, tzinfo=datetime.timezone.utc)}
2025-04-22 00:47:24 [scrapy.core.engine] INFO: Spider closed (finished)
